 GLShadersMPD

 Timestamp is 5c8ee225 (Mon Mar 18 02:11:17 2019)

 Preferred load address is 10000000

 Start         Length     Name                   Class
 0001:00000000 0003c989H .text                   CODE
 0001:0003c990 00002ee9H .text$x                 CODE
 0001:0003f879 0001e007H .textbss                CODE
 0002:00000000 00000b98H .rdata                  DATA
 0002:00000b98 00000151H .rdata$r                DATA
 0002:00000cf0 000026edH .xdata$x                DATA
 0002:000033e0 00001baaH .edata                  DATA
 0003:00000000 00000104H .CRT$XCA                DATA
 0003:00000104 0000015aH .CRT$XCU                DATA
 0003:00000260 00000104H .CRT$XCZ                DATA
 0003:00000364 00000104H .CRT$XIA                DATA
 0003:00000468 00000104H .CRT$XIZ                DATA
 0003:00000570 000048c1H .data                   DATA
 0003:00004e38 000005fcH .bss                    DATA
 0004:00000000 000000b4H .idata$2                DATA
 0004:000000b4 00000014H .idata$3                DATA
 0004:000000c8 00000840H .idata$4                DATA
 0004:00000908 00000840H .idata$5                DATA
 0004:00001148 00003ae7H .idata$6                DATA

  Address         Publics by Value              Rva+Base     Lib:Object

 0001:00001c00       ?HashValue@@YAKPBD@Z       10002c00 f   Hash.obj
 0001:00001c60       ??_H@YGXPAXIHP6EX0@Z@Z     10002c60 f i RenderSession.obj
 0001:00001cb0       ?hFOVtovFOV@?%C:\GAMES\STEAM\STEAMAPPS\COMMON\SERIOUS SAM CLASSIC THE SECOND ENCOUNTER\Sources\GLShaders\RenderSession.cpp18084318@@YAMMM@Z 10002cb0 f   RenderSession.obj
 0001:00001d6c       ?LoadTextureData@?%C:\GAMES\STEAM\STEAMAPPS\COMMON\SERIOUS SAM CLASSIC THE SECOND ENCOUNTER\Sources\GLShaders\RenderSession.cpp18084318@@YA_NPBDAAPAEAAH22@Z 10002d6c f   RenderSession.obj
 0001:00001f41       ?AlexShaders_RegisterRenderSession@@YAHXZ 10002f41 f   RenderSession.obj
 0001:0000200b       ?AlexShaders_SetRenderSession@@YAXH@Z 1000300b f   RenderSession.obj
 0001:00002018       ?AlexShaders_Initialize@@YA_NXZ 10003018 f   RenderSession.obj
 0001:0000207c       ?AlexShaders_Initialized@@YA_NXZ 1000307c f   RenderSession.obj
 0001:00002086       ?AlexShaders_ClearAllSessions@@YAXXZ 10003086 f   RenderSession.obj
 0001:00002251       ?AlexShaders_Finalize@@YAXXZ 10003251 f   RenderSession.obj
 0001:0000226e       ?LoadTexture2D@@YAIPAVCTextureObject@@@Z 1000326e f   RenderSession.obj
 0001:00002690       ?LoadTextureCube@@YAIPAVCTextureObject@@@Z 10003690 f   RenderSession.obj
 0001:00002c8d       ?AlexShaders_Precache@@YAXAAVCModelInstance@@@Z 10003c8d f   RenderSession.obj
 0001:00002d5b       ?AlexShaders_SetCustomFloatPool@@YAPAMPAM@Z 10003d5b f   RenderSession.obj
 0001:00002d7e       ?AlexShaders_SetCustomVecPool@@YAPAMPAM@Z 10003d7e f   RenderSession.obj
 0001:00002da1       ?LoadTexture@@YAIIPAVCTextureObject@@@Z 10003da1 f   RenderSession.obj
 0001:00002e80       ?CreateTangentBuffers@@YAXAAURenderSession@?%C:\GAMES\STEAM\STEAMAPPS\COMMON\SERIOUS SAM CLASSIC THE SECOND ENCOUNTER\Sources\GLShaders\RenderSession.cpp18084318@@@Z 10003e80 f   RenderSession.obj
 0001:00003fab       ?UpdateVertexBuffer@@YAXAAURenderSession@?%C:\GAMES\STEAM\STEAMAPPS\COMMON\SERIOUS SAM CLASSIC THE SECOND ENCOUNTER\Sources\GLShaders\RenderSession.cpp18084318@@_N@Z 10004fab f   RenderSession.obj
 0001:00004419       ?InitSession@@YAXAAURenderSession@?%C:\GAMES\STEAM\STEAMAPPS\COMMON\SERIOUS SAM CLASSIC THE SECOND ENCOUNTER\Sources\GLShaders\RenderSession.cpp18084318@@@Z 10005419 f   RenderSession.obj
 0001:00004676       ?FindOrCreateProperSessionForSurface@@YAAAURenderSession@?%C:\GAMES\STEAM\STEAMAPPS\COMMON\SERIOUS SAM CLASSIC THE SECOND ENCOUNTER\Sources\GLShaders\RenderSession.cpp18084318@@AAV?$vector@URenderSession@?%C:\GAMES\STEAM\STEAMAPPS\COMMON\SERIOUS SAM CLASSIC THE SECOND ENCOUNTER\Sources\GLShaders\RenderSession.cpp18084318@@V?$allocator@URenderSession@?%C:\GAMES\STEAM\STEAMAPPS\COMMON\SERIOUS SAM CLASSIC THE SECOND ENCOUNTER\Sources\GLShaders\RenderSession.cpp18084318@@@std@@@std@@J@Z 10005676 f   RenderSession.obj
 0001:0000474a       ?AlexRenderWithShader@@YAXABUShaderSettings@@@Z 1000574a f   RenderSession.obj
 0001:000084e0       ??1?$map@KIU?$less@K@std@@V?$allocator@I@2@@std@@QAE@XZ 100094e0 f i RenderSession.obj
 0001:00008510       ??0RenderSession@?%C:\GAMES\STEAM\STEAMAPPS\COMMON\SERIOUS SAM CLASSIC THE SECOND ENCOUNTER\Sources\GLShaders\RenderSession.cpp18084318@@QAE@XZ 10009510 f i RenderSession.obj
 0001:00008610       ??1RenderSession@?%C:\GAMES\STEAM\STEAMAPPS\COMMON\SERIOUS SAM CLASSIC THE SECOND ENCOUNTER\Sources\GLShaders\RenderSession.cpp18084318@@QAE@XZ 10009610 f i RenderSession.obj
 0001:00008690       ??3@YAXPAXHPBDH@Z          10009690 f i RenderSession.obj
 0001:000086b0       ??0vec2@glm@@QAE@MM@Z      100096b0 f i RenderSession.obj
 0001:000086f0       ??0vec3@glm@@QAE@XZ        100096f0 f i RenderSession.obj
 0001:00008730       ??0vec3@glm@@QAE@ABU01@@Z  10009730 f i RenderSession.obj
 0001:00008780       ??Xvec3@glm@@QAEAAU01@M@Z  10009780 f i RenderSession.obj
 0001:000087e0       ??Zvec3@glm@@QAEAAU01@ABU01@@Z 100097e0 f i RenderSession.obj
 0001:00008840       ??0vec4@glm@@QAE@MMMM@Z    10009840 f i RenderSession.obj
 0001:00008890       ??Bvec4@glm@@QAE?AUvec3@1@XZ 10009890 f i RenderSession.obj
 0001:00008900       ??0vec3@glm@@QAE@MMM@Z     10009900 f i RenderSession.obj
 0001:00008940       ??Avec4@glm@@QAEAAMI@Z     10009940 f i RenderSession.obj
 0001:00008970       ??0mat4@glm@@QAE@XZ        10009970 f i RenderSession.obj
 0001:000089b0       ??0vec4@glm@@QAE@XZ        100099b0 f i RenderSession.obj
 0001:00008a00       ??Amat4@glm@@QAEAAUvec4@1@I@Z 10009a00 f i RenderSession.obj
 0001:00008a30       ??0vec4@glm@@QAE@ABU01@@Z  10009a30 f i RenderSession.obj
 0001:00008a90       ??0vec4@glm@@QAE@M@Z       10009a90 f i RenderSession.obj
 0001:00008ae0       ??Avec4@glm@@QBEMI@Z       10009ae0 f i RenderSession.obj
 0001:00008b10       ??Xvec4@glm@@QAEAAU01@ABU01@@Z 10009b10 f i RenderSession.obj
 0001:00008b90       ??Yvec4@glm@@QAEAAU01@ABU01@@Z 10009b90 f i RenderSession.obj
 0001:00008c10       ??Amat4@glm@@QBEABUvec4@1@I@Z 10009c10 f i RenderSession.obj
 0001:00008c40       ??0mat4@glm@@QAE@M@Z       10009c40 f i RenderSession.obj
 0001:00008cd0       ??0mat4@glm@@QAE@ABU01@@Z  10009cd0 f i RenderSession.obj
 0001:00008d60       ??Xvec3@glm@@QAEAAU01@ABU01@@Z 10009d60 f i RenderSession.obj
 0001:00008dc0       _sqrtf                     10009dc0 f i RenderSession.obj
 0001:00008e00       ??_0vec3@glm@@QAEAAU01@M@Z 10009e00 f i RenderSession.obj
 0001:00008e60       ??Avec3@glm@@QAEAAMI@Z     10009e60 f i RenderSession.obj
 0001:00008e90       ??Avec3@glm@@QBEABMI@Z     10009e90 f i RenderSession.obj
 0001:00008ec0       ??0mat3@glm@@QAE@XZ        10009ec0 f i RenderSession.obj
 0001:00008f00       ??Amat3@glm@@QAEAAUvec3@1@I@Z 10009f00 f i RenderSession.obj
 0001:00008f30       ??0mat4@glm@@QAE@ABUmat3@1@@Z 10009f30 f i RenderSession.obj
 0001:00009070       ??0vec4@glm@@QAE@ABUvec3@1@M@Z 1000a070 f i RenderSession.obj
 0001:000090d0       ??Amat3@glm@@QBEABUvec3@1@I@Z 1000a0d0 f i RenderSession.obj
 0001:00009100       ??Xvec4@glm@@QAEAAU01@M@Z  1000a100 f i RenderSession.obj
 0001:00009170       ??0mat3@glm@@QAE@M@Z       1000a170 f i RenderSession.obj
 0001:00009200       ??0mat3@glm@@QAE@ABU01@@Z  1000a200 f i RenderSession.obj
 0001:00009290       ??Zvec4@glm@@QAEAAU01@ABU01@@Z 1000a290 f i RenderSession.obj
 0001:00009310       ??0mat4@glm@@QAE@ABUvec4@1@000@Z 1000a310 f i RenderSession.obj
 0001:000093f0       ??0?$vector@IV?$allocator@I@std@@@std@@QAE@ABV?$allocator@I@1@@Z 1000a3f0 f i RenderSession.obj
 0001:00009440       ??1?$vector@IV?$allocator@I@std@@@std@@QAE@XZ 1000a440 f i RenderSession.obj
 0001:000094d0       ?size@?$vector@IV?$allocator@I@std@@@std@@QBEIXZ 1000a4d0 f i RenderSession.obj
 0001:00009530       ?at@?$vector@IV?$allocator@I@std@@@std@@QAEAAII@Z 1000a530 f i RenderSession.obj
 0001:00009590       ?begin@?$vector@IV?$allocator@I@std@@@std@@QAEPAIXZ 1000a590 f i RenderSession.obj
 0001:000095b0       ??A?$vector@IV?$allocator@I@std@@@std@@QAEAAII@Z 1000a5b0 f i RenderSession.obj
 0001:000095f0       ?push_back@?$vector@IV?$allocator@I@std@@@std@@QAEXABI@Z 1000a5f0 f i RenderSession.obj
 0001:00009630       ?end@?$vector@IV?$allocator@I@std@@@std@@QAEPAIXZ 1000a630 f i RenderSession.obj
 0001:00009650       ?size@?$vector@UShaderTexture@ShaderSettings@@V?$allocator@UShaderTexture@ShaderSettings@@@std@@@std@@QBEIXZ 1000a650 f i RenderSession.obj
 0001:000096b0       ?at@?$vector@UShaderTexture@ShaderSettings@@V?$allocator@UShaderTexture@ShaderSettings@@@std@@@std@@QBEABUShaderTexture@ShaderSettings@@I@Z 1000a6b0 f i RenderSession.obj
 0001:00009710       ?size@?$vector@UShaderUniform@ShaderSettings@@V?$allocator@UShaderUniform@ShaderSettings@@@std@@@std@@QBEIXZ 1000a710 f i RenderSession.obj
 0001:00009770       ?at@?$vector@UShaderUniform@ShaderSettings@@V?$allocator@UShaderUniform@ShaderSettings@@@std@@@std@@QBEABUShaderUniform@ShaderSettings@@I@Z 1000a770 f i RenderSession.obj
 0001:000097d0       ??0?$vector@PAVCTextureObject@@V?$allocator@PAVCTextureObject@@@std@@@std@@QAE@ABV?$allocator@PAVCTextureObject@@@1@@Z 1000a7d0 f i RenderSession.obj
 0001:00009820       ??1?$vector@PAVCTextureObject@@V?$allocator@PAVCTextureObject@@@std@@@std@@QAE@XZ 1000a820 f i RenderSession.obj
 0001:000098b0       ?reserve@?$vector@PAVCTextureObject@@V?$allocator@PAVCTextureObject@@@std@@@std@@QAEXI@Z 1000a8b0 f i RenderSession.obj
 0001:000099b0       ?size@?$vector@PAVCTextureObject@@V?$allocator@PAVCTextureObject@@@std@@@std@@QBEIXZ 1000a9b0 f i RenderSession.obj
 0001:00009a10       ?at@?$vector@PAVCTextureObject@@V?$allocator@PAVCTextureObject@@@std@@@std@@QAEAAPAVCTextureObject@@I@Z 1000aa10 f i RenderSession.obj
 0001:00009a70       ??A?$vector@PAVCTextureObject@@V?$allocator@PAVCTextureObject@@@std@@@std@@QAEAAPAVCTextureObject@@I@Z 1000aa70 f i RenderSession.obj
 0001:00009ab0       ?back@?$vector@PAVCTextureObject@@V?$allocator@PAVCTextureObject@@@std@@@std@@QAEAAPAVCTextureObject@@XZ 1000aab0 f i RenderSession.obj
 0001:00009ae0       ?push_back@?$vector@PAVCTextureObject@@V?$allocator@PAVCTextureObject@@@std@@@std@@QAEXABQAVCTextureObject@@@Z 1000aae0 f i RenderSession.obj
 0001:00009b20       ??0?$vector@V?$vector@URenderSession@?%C:\GAMES\STEAM\STEAMAPPS\COMMON\SERIOUS SAM CLASSIC THE SECOND ENCOUNTER\Sources\GLShaders\RenderSession.cpp18084318@@V?$allocator@URenderSession@?%C:\GAMES\STEAM\STEAMAPPS\COMMON\SERIOUS SAM CLASSIC THE SECOND ENCOUNTER\Sources\GLShaders\RenderSession.cpp18084318@@@std@@@std@@V?$allocator@V?$vector@URenderSession@?%C:\GAMES\STEAM\STEAMAPPS\COMMON\SERIOUS SAM CLASSIC THE SECOND ENCOUNTER\Sources\GLShaders\RenderSession.cpp18084318@@V?$allocator@URenderSession@?%C:\GAMES\STEAM\STEAMAPPS\COMMON\SERIOUS SAM CLASSIC THE SECOND ENCOUNTER\Sources\GLShaders\RenderSession.cpp18084318@@@std@@@std@@@2@@std@@QAE@ABV?$allocator@V?$vector@URenderSession@?%C:\GAMES\STEAM\STEAMAPPS\COMMON\SERIOUS SAM CLASSIC THE SECOND ENCOUNTER\Sources\GLShaders\RenderSession.cpp18084318@@V?$allocator@URenderSession@?%C:\GAMES\STEAM\STEAMAPPS\COMMON\SERIOUS SAM CLASSIC THE SECOND ENCOUNTER\Sources\GLShaders\RenderSession.cpp18084318@@@std@@@std@@@1@@Z 1000ab20 f i RenderSession.obj
 0001:00009b70       ??1?$vector@V?$vector@URenderSession@?%C:\GAMES\STEAM\STEAMAPPS\COMMON\SERIOUS SAM CLASSIC THE SECOND ENCOUNTER\Sources\GLShaders\RenderSession.cpp18084318@@V?$allocator@URenderSession@?%C:\GAMES\STEAM\STEAMAPPS\COMMON\SERIOUS SAM CLASSIC THE SECOND ENCOUNTER\Sources\GLShaders\RenderSession.cpp18084318@@@std@@@std@@V?$allocator@V?$vector@URenderSession@?%C:\GAMES\STEAM\STEAMAPPS\COMMON\SERIOUS SAM CLASSIC THE SECOND ENCOUNTER\Sources\GLShaders\RenderSession.cpp18084318@@V?$allocator@URenderSession@?%C:\GAMES\STEAM\STEAMAPPS\COMMON\SERIOUS SAM CLASSIC THE SECOND ENCOUNTER\Sources\GLShaders\RenderSession.cpp18084318@@@std@@@std@@@2@@std@@QAE@XZ 1000ab70 f i RenderSession.obj
 0001:00009c00       ?size@?$vector@V?$vector@URenderSession@?%C:\GAMES\STEAM\STEAMAPPS\COMMON\SERIOUS SAM CLASSIC THE SECOND ENCOUNTER\Sources\GLShaders\RenderSession.cpp18084318@@V?$allocator@URenderSession@?%C:\GAMES\STEAM\STEAMAPPS\COMMON\SERIOUS SAM CLASSIC THE SECOND ENCOUNTER\Sources\GLShaders\RenderSession.cpp18084318@@@std@@@std@@V?$allocator@V?$vector@URenderSession@?%C:\GAMES\STEAM\STEAMAPPS\COMMON\SERIOUS SAM CLASSIC THE SECOND ENCOUNTER\Sources\GLShaders\RenderSession.cpp18084318@@V?$allocator@URenderSession@?%C:\GAMES\STEAM\STEAMAPPS\COMMON\SERIOUS SAM CLASSIC THE SECOND ENCOUNTER\Sources\GLShaders\RenderSession.cpp18084318@@@std@@@std@@@2@@std@@QBEIXZ 1000ac00 f i RenderSession.obj
 0001:00009c60       ??A?$vector@V?$vector@URenderSession@?%C:\GAMES\STEAM\STEAMAPPS\COMMON\SERIOUS SAM CLASSIC THE SECOND ENCOUNTER\Sources\GLShaders\RenderSession.cpp18084318@@V?$allocator@URenderSession@?%C:\GAMES\STEAM\STEAMAPPS\COMMON\SERIOUS SAM CLASSIC THE SECOND ENCOUNTER\Sources\GLShaders\RenderSession.cpp18084318@@@std@@@std@@V?$allocator@V?$vector@URenderSession@?%C:\GAMES\STEAM\STEAMAPPS\COMMON\SERIOUS SAM CLASSIC THE SECOND ENCOUNTER\Sources\GLShaders\RenderSession.cpp18084318@@V?$allocator@URenderSession@?%C:\GAMES\STEAM\STEAMAPPS\COMMON\SERIOUS SAM CLASSIC THE SECOND ENCOUNTER\Sources\GLShaders\RenderSession.cpp18084318@@@std@@@std@@@2@@std@@QAEAAV?$vector@URenderSession@?%C:\GAMES\STEAM\STEAMAPPS\COMMON\SERIOUS SAM CLASSIC THE SECOND ENCOUNTER\Sources\GLShaders\RenderSession.cpp18084318@@V?$allocator@URenderSession@?%C:\GAMES\STEAM\STEAMAPPS\COMMON\SERIOUS SAM CLASSIC THE SECOND ENCOUNTER\Sources\GLShaders\RenderSession.cpp18084318@@@std@@@1@I@Z 1000ac60 f i RenderSession.obj
 0001:00009ca0       ?back@?$vector@V?$vector@URenderSession@?%C:\GAMES\STEAM\STEAMAPPS\COMMON\SERIOUS SAM CLASSIC THE SECOND ENCOUNTER\Sources\GLShaders\RenderSession.cpp18084318@@V?$allocator@URenderSession@?%C:\GAMES\STEAM\STEAMAPPS\COMMON\SERIOUS SAM CLASSIC THE SECOND ENCOUNTER\Sources\GLShaders\RenderSession.cpp18084318@@@std@@@std@@V?$allocator@V?$vector@URenderSession@?%C:\GAMES\STEAM\STEAMAPPS\COMMON\SERIOUS SAM CLASSIC THE SECOND ENCOUNTER\Sources\GLShaders\RenderSession.cpp18084318@@V?$allocator@URenderSession@?%C:\GAMES\STEAM\STEAMAPPS\COMMON\SERIOUS SAM CLASSIC THE SECOND ENCOUNTER\Sources\GLShaders\RenderSession.cpp18084318@@@std@@@std@@@2@@std@@QAEAAV?$vector@URenderSession@?%C:\GAMES\STEAM\STEAMAPPS\COMMON\SERIOUS SAM CLASSIC THE SECOND ENCOUNTER\Sources\GLShaders\RenderSession.cpp18084318@@V?$allocator@URenderSession@?%C:\GAMES\STEAM\STEAMAPPS\COMMON\SERIOUS SAM CLASSIC THE SECOND ENCOUNTER\Sources\GLShaders\RenderSession.cpp18084318@@@std@@@2@XZ 1000aca0 f i RenderSession.obj
 0001:00009cd0       ?push_back@?$vector@V?$vector@URenderSession@?%C:\GAMES\STEAM\STEAMAPPS\COMMON\SERIOUS SAM CLASSIC THE SECOND ENCOUNTER\Sources\GLShaders\RenderSession.cpp18084318@@V?$allocator@URenderSession@?%C:\GAMES\STEAM\STEAMAPPS\COMMON\SERIOUS SAM CLASSIC THE SECOND ENCOUNTER\Sources\GLShaders\RenderSession.cpp18084318@@@std@@@std@@V?$allocator@V?$vector@URenderSession@?%C:\GAMES\STEAM\STEAMAPPS\COMMON\SERIOUS SAM CLASSIC THE SECOND ENCOUNTER\Sources\GLShaders\RenderSession.cpp18084318@@V?$allocator@URenderSession@?%C:\GAMES\STEAM\STEAMAPPS\COMMON\SERIOUS SAM CLASSIC THE SECOND ENCOUNTER\Sources\GLShaders\RenderSession.cpp18084318@@@std@@@std@@@2@@std@@QAEXABV?$vector@URenderSession@?%C:\GAMES\STEAM\STEAMAPPS\COMMON\SERIOUS SAM CLASSIC THE SECOND ENCOUNTER\Sources\GLShaders\RenderSession.cpp18084318@@V?$allocator@URenderSession@?%C:\GAMES\STEAM\STEAMAPPS\COMMON\SERIOUS SAM CLASSIC THE SECOND ENCOUNTER\Sources\GLShaders\RenderSession.cpp18084318@@@std@@@2@@Z 1000acd0 f i RenderSession.obj
 0001:00009d10       ?clear@?$vector@V?$vector@URenderSession@?%C:\GAMES\STEAM\STEAMAPPS\COMMON\SERIOUS SAM CLASSIC THE SECOND ENCOUNTER\Sources\GLShaders\RenderSession.cpp18084318@@V?$allocator@URenderSession@?%C:\GAMES\STEAM\STEAMAPPS\COMMON\SERIOUS SAM CLASSIC THE SECOND ENCOUNTER\Sources\GLShaders\RenderSession.cpp18084318@@@std@@@std@@V?$allocator@V?$vector@URenderSession@?%C:\GAMES\STEAM\STEAMAPPS\COMMON\SERIOUS SAM CLASSIC THE SECOND ENCOUNTER\Sources\GLShaders\RenderSession.cpp18084318@@V?$allocator@URenderSession@?%C:\GAMES\STEAM\STEAMAPPS\COMMON\SERIOUS SAM CLASSIC THE SECOND ENCOUNTER\Sources\GLShaders\RenderSession.cpp18084318@@@std@@@std@@@2@@std@@QAEXXZ 1000ad10 f i RenderSession.obj
 0001:00009d60       ??0?$map@KIU?$less@K@std@@V?$allocator@I@2@@std@@QAE@ABU?$less@K@1@ABV?$allocator@I@1@@Z 1000ad60 f i RenderSession.obj
 0001:00009da0       ?begin@?$map@KIU?$less@K@std@@V?$allocator@I@2@@std@@QAE?AViterator@?$_Tree@KU?$pair@$$CBKI@std@@U_Kfn@?$map@KIU?$less@K@std@@V?$allocator@I@2@@2@U?$less@K@2@V?$allocator@I@2@@2@XZ 1000ada0 f i RenderSession.obj
 0001:00009df0       ?end@?$map@KIU?$less@K@std@@V?$allocator@I@2@@std@@QAE?AViterator@?$_Tree@KU?$pair@$$CBKI@std@@U_Kfn@?$map@KIU?$less@K@std@@V?$allocator@I@2@@2@U?$less@K@2@V?$allocator@I@2@@2@XZ 1000adf0 f i RenderSession.obj
 0001:00009e40       ??A?$map@KIU?$less@K@std@@V?$allocator@I@2@@std@@QAEAAIABK@Z 1000ae40 f i RenderSession.obj
 0001:00009ec0       ?clear@?$map@KIU?$less@K@std@@V?$allocator@I@2@@std@@QAEXXZ 1000aec0 f i RenderSession.obj
 0001:00009ef0       ?find@?$map@KIU?$less@K@std@@V?$allocator@I@2@@std@@QAE?AViterator@?$_Tree@KU?$pair@$$CBKI@std@@U_Kfn@?$map@KIU?$less@K@std@@V?$allocator@I@2@@2@U?$less@K@2@V?$allocator@I@2@@2@ABK@Z 1000aef0 f i RenderSession.obj
 0001:00009f50       ??1?$_Tree@KU?$pair@$$CBKI@std@@U_Kfn@?$map@KIU?$less@K@std@@V?$allocator@I@2@@2@U?$less@K@2@V?$allocator@I@2@@std@@QAE@XZ 1000af50 f i RenderSession.obj
 0001:0000a090       ??0iterator@?$_Tree@KU?$pair@$$CBKI@std@@U_Kfn@?$map@KIU?$less@K@std@@V?$allocator@I@2@@2@U?$less@K@2@V?$allocator@I@2@@std@@QAE@XZ 1000b090 f i RenderSession.obj
 0001:0000a0c0       ??Citerator@?$_Tree@KU?$pair@$$CBKI@std@@U_Kfn@?$map@KIU?$less@K@std@@V?$allocator@I@2@@2@U?$less@K@2@V?$allocator@I@2@@std@@QBEPAU?$pair@$$CBKI@2@XZ 1000b0c0 f i RenderSession.obj
 0001:0000a0f0       ??Eiterator@?$_Tree@KU?$pair@$$CBKI@std@@U_Kfn@?$map@KIU?$less@K@std@@V?$allocator@I@2@@2@U?$less@K@2@V?$allocator@I@2@@std@@QAEAAV012@XZ 1000b0f0 f i RenderSession.obj
 0001:0000a120       ??9iterator@?$_Tree@KU?$pair@$$CBKI@std@@U_Kfn@?$map@KIU?$less@K@std@@V?$allocator@I@2@@2@U?$less@K@2@V?$allocator@I@2@@std@@QBE_NABV012@@Z 1000b120 f i RenderSession.obj
 0001:0000a170       ??0?$vector@URenderSession@?%C:\GAMES\STEAM\STEAMAPPS\COMMON\SERIOUS SAM CLASSIC THE SECOND ENCOUNTER\Sources\GLShaders\RenderSession.cpp18084318@@V?$allocator@URenderSession@?%C:\GAMES\STEAM\STEAMAPPS\COMMON\SERIOUS SAM CLASSIC THE SECOND ENCOUNTER\Sources\GLShaders\RenderSession.cpp18084318@@@std@@@std@@QAE@ABV?$allocator@URenderSession@?%C:\GAMES\STEAM\STEAMAPPS\COMMON\SERIOUS SAM CLASSIC THE SECOND ENCOUNTER\Sources\GLShaders\RenderSession.cpp18084318@@@1@@Z 1000b170 f i RenderSession.obj
 0001:0000a1c0       ??1?$vector@URenderSession@?%C:\GAMES\STEAM\STEAMAPPS\COMMON\SERIOUS SAM CLASSIC THE SECOND ENCOUNTER\Sources\GLShaders\RenderSession.cpp18084318@@V?$allocator@URenderSession@?%C:\GAMES\STEAM\STEAMAPPS\COMMON\SERIOUS SAM CLASSIC THE SECOND ENCOUNTER\Sources\GLShaders\RenderSession.cpp18084318@@@std@@@std@@QAE@XZ 1000b1c0 f i RenderSession.obj
 0001:0000a250       ?size@?$vector@URenderSession@?%C:\GAMES\STEAM\STEAMAPPS\COMMON\SERIOUS SAM CLASSIC THE SECOND ENCOUNTER\Sources\GLShaders\RenderSession.cpp18084318@@V?$allocator@URenderSession@?%C:\GAMES\STEAM\STEAMAPPS\COMMON\SERIOUS SAM CLASSIC THE SECOND ENCOUNTER\Sources\GLShaders\RenderSession.cpp18084318@@@std@@@std@@QBEIXZ 1000b250 f i RenderSession.obj
 0001:0000a2b0       ??A?$vector@URenderSession@?%C:\GAMES\STEAM\STEAMAPPS\COMMON\SERIOUS SAM CLASSIC THE SECOND ENCOUNTER\Sources\GLShaders\RenderSession.cpp18084318@@V?$allocator@URenderSession@?%C:\GAMES\STEAM\STEAMAPPS\COMMON\SERIOUS SAM CLASSIC THE SECOND ENCOUNTER\Sources\GLShaders\RenderSession.cpp18084318@@@std@@@std@@QAEAAURenderSession@?%C:\GAMES\STEAM\STEAMAPPS\COMMON\SERIOUS SAM CLASSIC THE SECOND ENCOUNTER\Sources\GLShaders\RenderSession.cpp18084318@@I@Z 1000b2b0 f i RenderSession.obj
 0001:0000a2f0       ?back@?$vector@URenderSession@?%C:\GAMES\STEAM\STEAMAPPS\COMMON\SERIOUS SAM CLASSIC THE SECOND ENCOUNTER\Sources\GLShaders\RenderSession.cpp18084318@@V?$allocator@URenderSession@?%C:\GAMES\STEAM\STEAMAPPS\COMMON\SERIOUS SAM CLASSIC THE SECOND ENCOUNTER\Sources\GLShaders\RenderSession.cpp18084318@@@std@@@std@@QAEAAURenderSession@?%C:\GAMES\STEAM\STEAMAPPS\COMMON\SERIOUS SAM CLASSIC THE SECOND ENCOUNTER\Sources\GLShaders\RenderSession.cpp18084318@@XZ 1000b2f0 f i RenderSession.obj
 0001:0000a320       ?push_back@?$vector@URenderSession@?%C:\GAMES\STEAM\STEAMAPPS\COMMON\SERIOUS SAM CLASSIC THE SECOND ENCOUNTER\Sources\GLShaders\RenderSession.cpp18084318@@V?$allocator@URenderSession@?%C:\GAMES\STEAM\STEAMAPPS\COMMON\SERIOUS SAM CLASSIC THE SECOND ENCOUNTER\Sources\GLShaders\RenderSession.cpp18084318@@@std@@@std@@QAEXABURenderSession@?%C:\GAMES\STEAM\STEAMAPPS\COMMON\SERIOUS SAM CLASSIC THE SECOND ENCOUNTER\Sources\GLShaders\RenderSession.cpp18084318@@@Z 1000b320 f i RenderSession.obj
 0001:0000a360       ??0?$vector@V?$basic_string@DU?$char_traits@D@std@@V?$allocator@D@2@@std@@V?$allocator@V?$basic_string@DU?$char_traits@D@std@@V?$allocator@D@2@@std@@@2@@std@@QAE@ABV?$allocator@V?$basic_string@DU?$char_traits@D@std@@V?$allocator@D@2@@std@@@1@@Z 1000b360 f i RenderSession.obj
 0001:0000a3b0       ??1?$vector@V?$basic_string@DU?$char_traits@D@std@@V?$allocator@D@2@@std@@V?$allocator@V?$basic_string@DU?$char_traits@D@std@@V?$allocator@D@2@@std@@@2@@std@@QAE@XZ 1000b3b0 f i RenderSession.obj
 0001:0000a440       ?reserve@?$vector@V?$basic_string@DU?$char_traits@D@std@@V?$allocator@D@2@@std@@V?$allocator@V?$basic_string@DU?$char_traits@D@std@@V?$allocator@D@2@@std@@@2@@std@@QAEXI@Z 1000b440 f i RenderSession.obj
 0001:0000a540       ?size@?$vector@V?$basic_string@DU?$char_traits@D@std@@V?$allocator@D@2@@std@@V?$allocator@V?$basic_string@DU?$char_traits@D@std@@V?$allocator@D@2@@std@@@2@@std@@QBEIXZ 1000b540 f i RenderSession.obj
 0001:0000a5a0       ?at@?$vector@V?$basic_string@DU?$char_traits@D@std@@V?$allocator@D@2@@std@@V?$allocator@V?$basic_string@DU?$char_traits@D@std@@V?$allocator@D@2@@std@@@2@@std@@QAEAAV?$basic_string@DU?$char_traits@D@std@@V?$allocator@D@2@@2@I@Z 1000b5a0 f i RenderSession.obj
 0001:0000a600       ?push_back@?$vector@V?$basic_string@DU?$char_traits@D@std@@V?$allocator@D@2@@std@@V?$allocator@V?$basic_string@DU?$char_traits@D@std@@V?$allocator@D@2@@std@@@2@@std@@QAEXABV?$basic_string@DU?$char_traits@D@std@@V?$allocator@D@2@@2@@Z 1000b600 f i RenderSession.obj
 0001:0000a640       ??C?$CStaticArrayIterator@UMeshInstance@@@@QAEPAUMeshInstance@@XZ 1000b640 f i RenderSession.obj
 0001:0000a680       ??C?$CStaticArrayIterator@UTextureInstance@@@@QAEPAUTextureInstance@@XZ 1000b680 f i RenderSession.obj
 0001:0000a6c0       ?deallocate@?$allocator@I@std@@QAEXPAXI@Z 1000b6c0 f i RenderSession.obj
 0001:0000a700       ?insert@?$vector@IV?$allocator@I@std@@@std@@QAEPAIPAIABI@Z 1000b700 f i RenderSession.obj
 0001:0000a770       ?insert@?$vector@IV?$allocator@I@std@@@std@@QAEXPAIIABI@Z 1000b770 f i RenderSession.obj
 0001:0000aa30       ?allocate@?$allocator@I@std@@QAEPAIIPBX@Z 1000ba30 f i RenderSession.obj
 0001:0000aa70       ?_Destroy@?$vector@IV?$allocator@I@std@@@std@@IAEXPAI0@Z 1000ba70 f i RenderSession.obj
 0001:0000aac0       ?_Ucopy@?$vector@IV?$allocator@I@std@@@std@@IAEPAIPBI0PAI@Z 1000bac0 f i RenderSession.obj
 0001:0000ab30       ?_Ufill@?$vector@IV?$allocator@I@std@@@std@@IAEXPAIIABI@Z 1000bb30 f i RenderSession.obj
 0001:0000ab90       ?_Xran@?$vector@IV?$allocator@I@std@@@std@@IBEXXZ 1000bb90 f i RenderSession.obj
 0001:0000ac50       ?begin@?$vector@UShaderTexture@ShaderSettings@@V?$allocator@UShaderTexture@ShaderSettings@@@std@@@std@@QBEPBUShaderTexture@ShaderSettings@@XZ 1000bc50 f i RenderSession.obj
 0001:0000ac70       ?_Xran@?$vector@UShaderTexture@ShaderSettings@@V?$allocator@UShaderTexture@ShaderSettings@@@std@@@std@@IBEXXZ 1000bc70 f i RenderSession.obj
 0001:0000ad30       ?begin@?$vector@UShaderUniform@ShaderSettings@@V?$allocator@UShaderUniform@ShaderSettings@@@std@@@std@@QBEPBUShaderUniform@ShaderSettings@@XZ 1000bd30 f i RenderSession.obj
 0001:0000ad50       ?_Xran@?$vector@UShaderUniform@ShaderSettings@@V?$allocator@UShaderUniform@ShaderSettings@@@std@@@std@@IBEXXZ 1000bd50 f i RenderSession.obj
 0001:0000ae10       ?capacity@?$vector@PAVCTextureObject@@V?$allocator@PAVCTextureObject@@@std@@@std@@QBEIXZ 1000be10 f i RenderSession.obj
 0001:0000ae70       ?begin@?$vector@PAVCTextureObject@@V?$allocator@PAVCTextureObject@@@std@@@std@@QAEPAPAVCTextureObject@@XZ 1000be70 f i RenderSession.obj
 0001:0000ae90       ?end@?$vector@PAVCTextureObject@@V?$allocator@PAVCTextureObject@@@std@@@std@@QAEPAPAVCTextureObject@@XZ 1000be90 f i RenderSession.obj
 0001:0000aeb0       ?insert@?$vector@PAVCTextureObject@@V?$allocator@PAVCTextureObject@@@std@@@std@@QAEPAPAVCTextureObject@@PAPAV3@ABQAV3@@Z 1000beb0 f i RenderSession.obj
 0001:0000af20       ?_Destroy@?$vector@PAVCTextureObject@@V?$allocator@PAVCTextureObject@@@std@@@std@@IAEXPAPAVCTextureObject@@0@Z 1000bf20 f i RenderSession.obj
 0001:0000af70       ?_Ucopy@?$vector@PAVCTextureObject@@V?$allocator@PAVCTextureObject@@@std@@@std@@IAEPAPAVCTextureObject@@PBQAV3@0PAPAV3@@Z 1000bf70 f i RenderSession.obj
 0001:0000afe0       ?_Xran@?$vector@PAVCTextureObject@@V?$allocator@PAVCTextureObject@@@std@@@std@@IBEXXZ 1000bfe0 f i RenderSession.obj
 0001:0000b0a0       ?allocate@?$allocator@PAVCTextureObject@@@std@@QAEPAPAVCTextureObject@@IPBX@Z 1000c0a0 f i RenderSession.obj
 0001:0000b0e0       ?deallocate@?$allocator@PAVCTextureObject@@@std@@QAEXPAXI@Z 1000c0e0 f i RenderSession.obj
 0001:0000b120       ?begin@?$vector@V?$vector@URenderSession@?%C:\GAMES\STEAM\STEAMAPPS\COMMON\SERIOUS SAM CLASSIC THE SECOND ENCOUNTER\Sources\GLShaders\RenderSession.cpp18084318@@V?$allocator@URenderSession@?%C:\GAMES\STEAM\STEAMAPPS\COMMON\SERIOUS SAM CLASSIC THE SECOND ENCOUNTER\Sources\GLShaders\RenderSession.cpp18084318@@@std@@@std@@V?$allocator@V?$vector@URenderSession@?%C:\GAMES\STEAM\STEAMAPPS\COMMON\SERIOUS SAM CLASSIC THE SECOND ENCOUNTER\Sources\GLShaders\RenderSession.cpp18084318@@V?$allocator@URenderSession@?%C:\GAMES\STEAM\STEAMAPPS\COMMON\SERIOUS SAM CLASSIC THE SECOND ENCOUNTER\Sources\GLShaders\RenderSession.cpp18084318@@@std@@@std@@@2@@std@@QAEPAV?$vector@URenderSession@?%C:\GAMES\STEAM\STEAMAPPS\COMMON\SERIOUS SAM CLASSIC THE SECOND ENCOUNTER\Sources\GLShaders\RenderSession.cpp18084318@@V?$allocator@URenderSession@?%C:\GAMES\STEAM\STEAMAPPS\COMMON\SERIOUS SAM CLASSIC THE SECOND ENCOUNTER\Sources\GLShaders\RenderSession.cpp18084318@@@std@@@2@XZ 1000c120 f i RenderSession.obj
 0001:0000b140       ?end@?$vector@V?$vector@URenderSession@?%C:\GAMES\STEAM\STEAMAPPS\COMMON\SERIOUS SAM CLASSIC THE SECOND ENCOUNTER\Sources\GLShaders\RenderSession.cpp18084318@@V?$allocator@URenderSession@?%C:\GAMES\STEAM\STEAMAPPS\COMMON\SERIOUS SAM CLASSIC THE SECOND ENCOUNTER\Sources\GLShaders\RenderSession.cpp18084318@@@std@@@std@@V?$allocator@V?$vector@URenderSession@?%C:\GAMES\STEAM\STEAMAPPS\COMMON\SERIOUS SAM CLASSIC THE SECOND ENCOUNTER\Sources\GLShaders\RenderSession.cpp18084318@@V?$allocator@URenderSession@?%C:\GAMES\STEAM\STEAMAPPS\COMMON\SERIOUS SAM CLASSIC THE SECOND ENCOUNTER\Sources\GLShaders\RenderSession.cpp18084318@@@std@@@std@@@2@@std@@QAEPAV?$vector@URenderSession@?%C:\GAMES\STEAM\STEAMAPPS\COMMON\SERIOUS SAM CLASSIC THE SECOND ENCOUNTER\Sources\GLShaders\RenderSession.cpp18084318@@V?$allocator@URenderSession@?%C:\GAMES\STEAM\STEAMAPPS\COMMON\SERIOUS SAM CLASSIC THE SECOND ENCOUNTER\Sources\GLShaders\RenderSession.cpp18084318@@@std@@@2@XZ 1000c140 f i RenderSession.obj
 0001:0000b160       ?insert@?$vector@V?$vector@URenderSession@?%C:\GAMES\STEAM\STEAMAPPS\COMMON\SERIOUS SAM CLASSIC THE SECOND ENCOUNTER\Sources\GLShaders\RenderSession.cpp18084318@@V?$allocator@URenderSession@?%C:\GAMES\STEAM\STEAMAPPS\COMMON\SERIOUS SAM CLASSIC THE SECOND ENCOUNTER\Sources\GLShaders\RenderSession.cpp18084318@@@std@@@std@@V?$allocator@V?$vector@URenderSession@?%C:\GAMES\STEAM\STEAMAPPS\COMMON\SERIOUS SAM CLASSIC THE SECOND ENCOUNTER\Sources\GLShaders\RenderSession.cpp18084318@@V?$allocator@URenderSession@?%C:\GAMES\STEAM\STEAMAPPS\COMMON\SERIOUS SAM CLASSIC THE SECOND ENCOUNTER\Sources\GLShaders\RenderSession.cpp18084318@@@std@@@std@@@2@@std@@QAEPAV?$vector@URenderSession@?%C:\GAMES\STEAM\STEAMAPPS\COMMON\SERIOUS SAM CLASSIC THE SECOND ENCOUNTER\Sources\GLShaders\RenderSession.cpp18084318@@V?$allocator@URenderSession@?%C:\GAMES\STEAM\STEAMAPPS\COMMON\SERIOUS SAM CLASSIC THE SECOND ENCOUNTER\Sources\GLShaders\RenderSession.cpp18084318@@@std@@@2@PAV32@ABV32@@Z 1000c160 f i RenderSession.obj
 0001:0000b1e0       ?erase@?$vector@V?$vector@URenderSession@?%C:\GAMES\STEAM\STEAMAPPS\COMMON\SERIOUS SAM CLASSIC THE SECOND ENCOUNTER\Sources\GLShaders\RenderSession.cpp18084318@@V?$allocator@URenderSession@?%C:\GAMES\STEAM\STEAMAPPS\COMMON\SERIOUS SAM CLASSIC THE SECOND ENCOUNTER\Sources\GLShaders\RenderSession.cpp18084318@@@std@@@std@@V?$allocator@V?$vector@URenderSession@?%C:\GAMES\STEAM\STEAMAPPS\COMMON\SERIOUS SAM CLASSIC THE SECOND ENCOUNTER\Sources\GLShaders\RenderSession.cpp18084318@@V?$allocator@URenderSession@?%C:\GAMES\STEAM\STEAMAPPS\COMMON\SERIOUS SAM CLASSIC THE SECOND ENCOUNTER\Sources\GLShaders\RenderSession.cpp18084318@@@std@@@std@@@2@@std@@QAEPAV?$vector@URenderSession@?%C:\GAMES\STEAM\STEAMAPPS\COMMON\SERIOUS SAM CLASSIC THE SECOND ENCOUNTER\Sources\GLShaders\RenderSession.cpp18084318@@V?$allocator@URenderSession@?%C:\GAMES\STEAM\STEAMAPPS\COMMON\SERIOUS SAM CLASSIC THE SECOND ENCOUNTER\Sources\GLShaders\RenderSession.cpp18084318@@@std@@@2@PAV32@0@Z 1000c1e0 f i RenderSession.obj
 0001:0000b260       ?_Destroy@?$vector@V?$vector@URenderSession@?%C:\GAMES\STEAM\STEAMAPPS\COMMON\SERIOUS SAM CLASSIC THE SECOND ENCOUNTER\Sources\GLShaders\RenderSession.cpp18084318@@V?$allocator@URenderSession@?%C:\GAMES\STEAM\STEAMAPPS\COMMON\SERIOUS SAM CLASSIC THE SECOND ENCOUNTER\Sources\GLShaders\RenderSession.cpp18084318@@@std@@@std@@V?$allocator@V?$vector@URenderSession@?%C:\GAMES\STEAM\STEAMAPPS\COMMON\SERIOUS SAM CLASSIC THE SECOND ENCOUNTER\Sources\GLShaders\RenderSession.cpp18084318@@V?$allocator@URenderSession@?%C:\GAMES\STEAM\STEAMAPPS\COMMON\SERIOUS SAM CLASSIC THE SECOND ENCOUNTER\Sources\GLShaders\RenderSession.cpp18084318@@@std@@@std@@@2@@std@@IAEXPAV?$vector@URenderSession@?%C:\GAMES\STEAM\STEAMAPPS\COMMON\SERIOUS SAM CLASSIC THE SECOND ENCOUNTER\Sources\GLShaders\RenderSession.cpp18084318@@V?$allocator@URenderSession@?%C:\GAMES\STEAM\STEAMAPPS\COMMON\SERIOUS SAM CLASSIC THE SECOND ENCOUNTER\Sources\GLShaders\RenderSession.cpp18084318@@@std@@@2@0@Z 1000c260 f i RenderSession.obj
 0001:0000b2b0       ?deallocate@?$allocator@V?$vector@URenderSession@?%C:\GAMES\STEAM\STEAMAPPS\COMMON\SERIOUS SAM CLASSIC THE SECOND ENCOUNTER\Sources\GLShaders\RenderSession.cpp18084318@@V?$allocator@URenderSession@?%C:\GAMES\STEAM\STEAMAPPS\COMMON\SERIOUS SAM CLASSIC THE SECOND ENCOUNTER\Sources\GLShaders\RenderSession.cpp18084318@@@std@@@std@@@std@@QAEXPAXI@Z 1000c2b0 f i RenderSession.obj
 0001:0000b2f0       ?insert@?$map@KIU?$less@K@std@@V?$allocator@I@2@@std@@QAE?AU?$pair@Viterator@?$_Tree@KU?$pair@$$CBKI@std@@U_Kfn@?$map@KIU?$less@K@std@@V?$allocator@I@2@@2@U?$less@K@2@V?$allocator@I@2@@std@@_N@2@ABU?$pair@$$CBKI@2@@Z 1000c2f0 f i RenderSession.obj
 0001:0000b380       ??0?$_Tree@KU?$pair@$$CBKI@std@@U_Kfn@?$map@KIU?$less@K@std@@V?$allocator@I@2@@2@U?$less@K@2@V?$allocator@I@2@@std@@QAE@ABU?$less@K@1@_NABV?$allocator@I@1@@Z 1000c380 f i RenderSession.obj
 0001:0000b3e0       ?begin@?$_Tree@KU?$pair@$$CBKI@std@@U_Kfn@?$map@KIU?$less@K@std@@V?$allocator@I@2@@2@U?$less@K@2@V?$allocator@I@2@@std@@QAE?AViterator@12@XZ 1000c3e0 f i RenderSession.obj
 0001:0000b440       ?end@?$_Tree@KU?$pair@$$CBKI@std@@U_Kfn@?$map@KIU?$less@K@std@@V?$allocator@I@2@@2@U?$less@K@2@V?$allocator@I@2@@std@@QAE?AViterator@12@XZ 1000c440 f i RenderSession.obj
 0001:0000b490       ?erase@?$_Tree@KU?$pair@$$CBKI@std@@U_Kfn@?$map@KIU?$less@K@std@@V?$allocator@I@2@@2@U?$less@K@2@V?$allocator@I@2@@std@@QAE?AViterator@12@V312@0@Z 1000c490 f i RenderSession.obj
 0001:0000b670       ?clear@?$_Tree@KU?$pair@$$CBKI@std@@U_Kfn@?$map@KIU?$less@K@std@@V?$allocator@I@2@@2@U?$less@K@2@V?$allocator@I@2@@std@@QAEXXZ 1000c670 f i RenderSession.obj
 0001:0000b6e0       ?find@?$_Tree@KU?$pair@$$CBKI@std@@U_Kfn@?$map@KIU?$less@K@std@@V?$allocator@I@2@@2@U?$less@K@2@V?$allocator@I@2@@std@@QAE?AViterator@12@ABK@Z 1000c6e0 f i RenderSession.obj
 0001:0000b7d0       ?_Freenode@?$_Tree@KU?$pair@$$CBKI@std@@U_Kfn@?$map@KIU?$less@K@std@@V?$allocator@I@2@@2@U?$less@K@2@V?$allocator@I@2@@std@@IAEXPAU_Node@12@@Z 1000c7d0 f i RenderSession.obj
 0001:0000b810       ??0?$pair@$$CBKI@std@@QAE@ABKABI@Z 1000c810 f i RenderSession.obj
 0001:0000b850       ??0const_iterator@?$_Tree@KU?$pair@$$CBKI@std@@U_Kfn@?$map@KIU?$less@K@std@@V?$allocator@I@2@@2@U?$less@K@2@V?$allocator@I@2@@std@@QAE@XZ 1000c850 f i RenderSession.obj
 0001:0000b870       ?_Inc@const_iterator@?$_Tree@KU?$pair@$$CBKI@std@@U_Kfn@?$map@KIU?$less@K@std@@V?$allocator@I@2@@2@U?$less@K@2@V?$allocator@I@2@@std@@QAEXXZ 1000c870 f i RenderSession.obj
 0001:0000b9c0       ??Diterator@?$_Tree@KU?$pair@$$CBKI@std@@U_Kfn@?$map@KIU?$less@K@std@@V?$allocator@I@2@@2@U?$less@K@2@V?$allocator@I@2@@std@@QBEAAU?$pair@$$CBKI@2@XZ 1000c9c0 f i RenderSession.obj
 0001:0000ba00       ??8iterator@?$_Tree@KU?$pair@$$CBKI@std@@U_Kfn@?$map@KIU?$less@K@std@@V?$allocator@I@2@@2@U?$less@K@2@V?$allocator@I@2@@std@@QBE_NABV012@@Z 1000ca00 f i RenderSession.obj
 0001:0000ba30       ?begin@?$vector@URenderSession@?%C:\GAMES\STEAM\STEAMAPPS\COMMON\SERIOUS SAM CLASSIC THE SECOND ENCOUNTER\Sources\GLShaders\RenderSession.cpp18084318@@V?$allocator@URenderSession@?%C:\GAMES\STEAM\STEAMAPPS\COMMON\SERIOUS SAM CLASSIC THE SECOND ENCOUNTER\Sources\GLShaders\RenderSession.cpp18084318@@@std@@@std@@QAEPAURenderSession@?%C:\GAMES\STEAM\STEAMAPPS\COMMON\SERIOUS SAM CLASSIC THE SECOND ENCOUNTER\Sources\GLShaders\RenderSession.cpp18084318@@XZ 1000ca30 f i RenderSession.obj
 0001:0000ba50       ?end@?$vector@URenderSession@?%C:\GAMES\STEAM\STEAMAPPS\COMMON\SERIOUS SAM CLASSIC THE SECOND ENCOUNTER\Sources\GLShaders\RenderSession.cpp18084318@@V?$allocator@URenderSession@?%C:\GAMES\STEAM\STEAMAPPS\COMMON\SERIOUS SAM CLASSIC THE SECOND ENCOUNTER\Sources\GLShaders\RenderSession.cpp18084318@@@std@@@std@@QAEPAURenderSession@?%C:\GAMES\STEAM\STEAMAPPS\COMMON\SERIOUS SAM CLASSIC THE SECOND ENCOUNTER\Sources\GLShaders\RenderSession.cpp18084318@@XZ 1000ca50 f i RenderSession.obj
 0001:0000ba70       ?insert@?$vector@URenderSession@?%C:\GAMES\STEAM\STEAMAPPS\COMMON\SERIOUS SAM CLASSIC THE SECOND ENCOUNTER\Sources\GLShaders\RenderSession.cpp18084318@@V?$allocator@URenderSession@?%C:\GAMES\STEAM\STEAMAPPS\COMMON\SERIOUS SAM CLASSIC THE SECOND ENCOUNTER\Sources\GLShaders\RenderSession.cpp18084318@@@std@@@std@@QAEPAURenderSession@?%C:\GAMES\STEAM\STEAMAPPS\COMMON\SERIOUS SAM CLASSIC THE SECOND ENCOUNTER\Sources\GLShaders\RenderSession.cpp18084318@@PAU34@ABU34@@Z 1000ca70 f i RenderSession.obj
 0001:0000baf0       ?_Destroy@?$vector@URenderSession@?%C:\GAMES\STEAM\STEAMAPPS\COMMON\SERIOUS SAM CLASSIC THE SECOND ENCOUNTER\Sources\GLShaders\RenderSession.cpp18084318@@V?$allocator@URenderSession@?%C:\GAMES\STEAM\STEAMAPPS\COMMON\SERIOUS SAM CLASSIC THE SECOND ENCOUNTER\Sources\GLShaders\RenderSession.cpp18084318@@@std@@@std@@IAEXPAURenderSession@?%C:\GAMES\STEAM\STEAMAPPS\COMMON\SERIOUS SAM CLASSIC THE SECOND ENCOUNTER\Sources\GLShaders\RenderSession.cpp18084318@@0@Z 1000caf0 f i RenderSession.obj
 0001:0000bb40       ?deallocate@?$allocator@URenderSession@?%C:\GAMES\STEAM\STEAMAPPS\COMMON\SERIOUS SAM CLASSIC THE SECOND ENCOUNTER\Sources\GLShaders\RenderSession.cpp18084318@@@std@@QAEXPAXI@Z 1000cb40 f i RenderSession.obj
 0001:0000bb80       ?capacity@?$vector@V?$basic_string@DU?$char_traits@D@std@@V?$allocator@D@2@@std@@V?$allocator@V?$basic_string@DU?$char_traits@D@std@@V?$allocator@D@2@@std@@@2@@std@@QBEIXZ 1000cb80 f i RenderSession.obj
 0001:0000bbe0       ?begin@?$vector@V?$basic_string@DU?$char_traits@D@std@@V?$allocator@D@2@@std@@V?$allocator@V?$basic_string@DU?$char_traits@D@std@@V?$allocator@D@2@@std@@@2@@std@@QAEPAV?$basic_string@DU?$char_traits@D@std@@V?$allocator@D@2@@2@XZ 1000cbe0 f i RenderSession.obj
 0001:0000bc00       ?end@?$vector@V?$basic_string@DU?$char_traits@D@std@@V?$allocator@D@2@@std@@V?$allocator@V?$basic_string@DU?$char_traits@D@std@@V?$allocator@D@2@@std@@@2@@std@@QAEPAV?$basic_string@DU?$char_traits@D@std@@V?$allocator@D@2@@2@XZ 1000cc00 f i RenderSession.obj
 0001:0000bc20       ?insert@?$vector@V?$basic_string@DU?$char_traits@D@std@@V?$allocator@D@2@@std@@V?$allocator@V?$basic_string@DU?$char_traits@D@std@@V?$allocator@D@2@@std@@@2@@std@@QAEPAV?$basic_string@DU?$char_traits@D@std@@V?$allocator@D@2@@2@PAV32@ABV32@@Z 1000cc20 f i RenderSession.obj
 0001:0000bca0       ?_Destroy@?$vector@V?$basic_string@DU?$char_traits@D@std@@V?$allocator@D@2@@std@@V?$allocator@V?$basic_string@DU?$char_traits@D@std@@V?$allocator@D@2@@std@@@2@@std@@IAEXPAV?$basic_string@DU?$char_traits@D@std@@V?$allocator@D@2@@2@0@Z 1000cca0 f i RenderSession.obj
 0001:0000bcf0       ?_Ucopy@?$vector@V?$basic_string@DU?$char_traits@D@std@@V?$allocator@D@2@@std@@V?$allocator@V?$basic_string@DU?$char_traits@D@std@@V?$allocator@D@2@@std@@@2@@std@@IAEPAV?$basic_string@DU?$char_traits@D@std@@V?$allocator@D@2@@2@PBV32@0PAV32@@Z 1000ccf0 f i RenderSession.obj
 0001:0000bd60       ?_Xran@?$vector@V?$basic_string@DU?$char_traits@D@std@@V?$allocator@D@2@@std@@V?$allocator@V?$basic_string@DU?$char_traits@D@std@@V?$allocator@D@2@@std@@@2@@std@@IBEXXZ 1000cd60 f i RenderSession.obj
 0001:0000be20       ?allocate@?$allocator@V?$basic_string@DU?$char_traits@D@std@@V?$allocator@D@2@@std@@@std@@QAEPAV?$basic_string@DU?$char_traits@D@std@@V?$allocator@D@2@@2@IPBX@Z 1000ce20 f i RenderSession.obj
 0001:0000be60       ?deallocate@?$allocator@V?$basic_string@DU?$char_traits@D@std@@V?$allocator@D@2@@std@@@std@@QAEXPAXI@Z 1000ce60 f i RenderSession.obj
 0001:0000bea0       ?construct@?$allocator@I@std@@QAEXPAIABI@Z 1000cea0 f i RenderSession.obj
 0001:0000bee0       ?destroy@?$allocator@I@std@@QAEXPAI@Z 1000cee0 f i RenderSession.obj
 0001:0000bf20       ?insert@?$vector@PAVCTextureObject@@V?$allocator@PAVCTextureObject@@@std@@@std@@QAEXPAPAVCTextureObject@@IABQAV3@@Z 1000cf20 f i RenderSession.obj
 0001:0000c1e0       ?construct@?$allocator@PAVCTextureObject@@@std@@QAEXPAPAVCTextureObject@@ABQAV3@@Z 1000d1e0 f i RenderSession.obj
 0001:0000c220       ?destroy@?$allocator@PAVCTextureObject@@@std@@QAEXPAPAVCTextureObject@@@Z 1000d220 f i RenderSession.obj
 0001:0000c260       ?insert@?$vector@V?$vector@URenderSession@?%C:\GAMES\STEAM\STEAMAPPS\COMMON\SERIOUS SAM CLASSIC THE SECOND ENCOUNTER\Sources\GLShaders\RenderSession.cpp18084318@@V?$allocator@URenderSession@?%C:\GAMES\STEAM\STEAMAPPS\COMMON\SERIOUS SAM CLASSIC THE SECOND ENCOUNTER\Sources\GLShaders\RenderSession.cpp18084318@@@std@@@std@@V?$allocator@V?$vector@URenderSession@?%C:\GAMES\STEAM\STEAMAPPS\COMMON\SERIOUS SAM CLASSIC THE SECOND ENCOUNTER\Sources\GLShaders\RenderSession.cpp18084318@@V?$allocator@URenderSession@?%C:\GAMES\STEAM\STEAMAPPS\COMMON\SERIOUS SAM CLASSIC THE SECOND ENCOUNTER\Sources\GLShaders\RenderSession.cpp18084318@@@std@@@std@@@2@@std@@QAEXPAV?$vector@URenderSession@?%C:\GAMES\STEAM\STEAMAPPS\COMMON\SERIOUS SAM CLASSIC THE SECOND ENCOUNTER\Sources\GLShaders\RenderSession.cpp18084318@@V?$allocator@URenderSession@?%C:\GAMES\STEAM\STEAMAPPS\COMMON\SERIOUS SAM CLASSIC THE SECOND ENCOUNTER\Sources\GLShaders\RenderSession.cpp18084318@@@std@@@2@IABV32@@Z 1000d260 f i RenderSession.obj
 0001:0000c540       ?destroy@?$allocator@V?$vector@URenderSession@?%C:\GAMES\STEAM\STEAMAPPS\COMMON\SERIOUS SAM CLASSIC THE SECOND ENCOUNTER\Sources\GLShaders\RenderSession.cpp18084318@@V?$allocator@URenderSession@?%C:\GAMES\STEAM\STEAMAPPS\COMMON\SERIOUS SAM CLASSIC THE SECOND ENCOUNTER\Sources\GLShaders\RenderSession.cpp18084318@@@std@@@std@@@std@@QAEXPAV?$vector@URenderSession@?%C:\GAMES\STEAM\STEAMAPPS\COMMON\SERIOUS SAM CLASSIC THE SECOND ENCOUNTER\Sources\GLShaders\RenderSession.cpp18084318@@V?$allocator@URenderSession@?%C:\GAMES\STEAM\STEAMAPPS\COMMON\SERIOUS SAM CLASSIC THE SECOND ENCOUNTER\Sources\GLShaders\RenderSession.cpp18084318@@@std@@@2@@Z 1000d540 f i RenderSession.obj
 0001:0000c580       ??R?$less@K@std@@QBE_NABK0@Z 1000d580 f i RenderSession.obj
 0001:0000c5b0       ?_Key@?$_Tree@KU?$pair@$$CBKI@std@@U_Kfn@?$map@KIU?$less@K@std@@V?$allocator@I@2@@2@U?$less@K@2@V?$allocator@I@2@@std@@KAABKPAU_Node@12@@Z 1000d5b0 f i RenderSession.obj
 0001:0000c5f0       ?_Parent@?$_Tree@KU?$pair@$$CBKI@std@@U_Kfn@?$map@KIU?$less@K@std@@V?$allocator@I@2@@2@U?$less@K@2@V?$allocator@I@2@@std@@KAAAPAU_Node@12@PAU312@@Z 1000d5f0 f i RenderSession.obj
 0001:0000c600       ?_Right@?$_Tree@KU?$pair@$$CBKI@std@@U_Kfn@?$map@KIU?$less@K@std@@V?$allocator@I@2@@2@U?$less@K@2@V?$allocator@I@2@@std@@KAAAPAU_Node@12@PAU312@@Z 1000d600 f i RenderSession.obj
 0001:0000c610       ?_Value@?$_Tree@KU?$pair@$$CBKI@std@@U_Kfn@?$map@KIU?$less@K@std@@V?$allocator@I@2@@2@U?$less@K@2@V?$allocator@I@2@@std@@KAAAU?$pair@$$CBKI@2@PAU_Node@12@@Z 1000d610 f i RenderSession.obj
 0001:0000c620       ?size@?$_Tree@KU?$pair@$$CBKI@std@@U_Kfn@?$map@KIU?$less@K@std@@V?$allocator@I@2@@2@U?$less@K@2@V?$allocator@I@2@@std@@QBEIXZ 1000d620 f i RenderSession.obj
 0001:0000c640       ?insert@?$_Tree@KU?$pair@$$CBKI@std@@U_Kfn@?$map@KIU?$less@K@std@@V?$allocator@I@2@@2@U?$less@K@2@V?$allocator@I@2@@std@@QAE?AU?$pair@Viterator@?$_Tree@KU?$pair@$$CBKI@std@@U_Kfn@?$map@KIU?$less@K@std@@V?$allocator@I@2@@2@U?$less@K@2@V?$allocator@I@2@@std@@_N@2@ABU?$pair@$$CBKI@2@@Z 1000d640 f i RenderSession.obj
 0001:0000c950       ?erase@?$_Tree@KU?$pair@$$CBKI@std@@U_Kfn@?$map@KIU?$less@K@std@@V?$allocator@I@2@@2@U?$less@K@2@V?$allocator@I@2@@std@@QAE?AViterator@12@V312@@Z 1000d950 f i RenderSession.obj
 0001:0000d400       ?lower_bound@?$_Tree@KU?$pair@$$CBKI@std@@U_Kfn@?$map@KIU?$less@K@std@@V?$allocator@I@2@@2@U?$less@K@2@V?$allocator@I@2@@std@@QAE?AViterator@12@ABK@Z 1000e400 f i RenderSession.obj
 0001:0000d460       ?_Erase@?$_Tree@KU?$pair@$$CBKI@std@@U_Kfn@?$map@KIU?$less@K@std@@V?$allocator@I@2@@2@U?$less@K@2@V?$allocator@I@2@@std@@IAEXPAU_Node@12@@Z 1000e460 f i RenderSession.obj
 0001:0000d580       ?_Init@?$_Tree@KU?$pair@$$CBKI@std@@U_Kfn@?$map@KIU?$less@K@std@@V?$allocator@I@2@@2@U?$less@K@2@V?$allocator@I@2@@std@@IAEXXZ 1000e580 f i RenderSession.obj
 0001:0000d6d0       ?_Lmost@?$_Tree@KU?$pair@$$CBKI@std@@U_Kfn@?$map@KIU?$less@K@std@@V?$allocator@I@2@@2@U?$less@K@2@V?$allocator@I@2@@std@@IAEAAPAU_Node@12@XZ 1000e6d0 f i RenderSession.obj
 0001:0000d710       ?_Min@?$_Tree@KU?$pair@$$CBKI@std@@U_Kfn@?$map@KIU?$less@K@std@@V?$allocator@I@2@@2@U?$less@K@2@V?$allocator@I@2@@std@@KAPAU_Node@12@PAU312@@Z 1000e710 f i RenderSession.obj
 0001:0000d7e0       ?_Rmost@?$_Tree@KU?$pair@$$CBKI@std@@U_Kfn@?$map@KIU?$less@K@std@@V?$allocator@I@2@@2@U?$less@K@2@V?$allocator@I@2@@std@@IAEAAPAU_Node@12@XZ 1000e7e0 f i RenderSession.obj
 0001:0000d820       ?_Root@?$_Tree@KU?$pair@$$CBKI@std@@U_Kfn@?$map@KIU?$less@K@std@@V?$allocator@I@2@@2@U?$less@K@2@V?$allocator@I@2@@std@@IAEAAPAU_Node@12@XZ 1000e820 f i RenderSession.obj
 0001:0000d860       ?_Mynode@const_iterator@?$_Tree@KU?$pair@$$CBKI@std@@U_Kfn@?$map@KIU?$less@K@std@@V?$allocator@I@2@@2@U?$less@K@2@V?$allocator@I@2@@std@@QBEPAU_Node@23@XZ 1000e860 f i RenderSession.obj
 0001:0000d880       ??0iterator@?$_Tree@KU?$pair@$$CBKI@std@@U_Kfn@?$map@KIU?$less@K@std@@V?$allocator@I@2@@2@U?$less@K@2@V?$allocator@I@2@@std@@QAE@PAU_Node@12@@Z 1000e880 f i RenderSession.obj
 0001:0000d8c0       ??Eiterator@?$_Tree@KU?$pair@$$CBKI@std@@U_Kfn@?$map@KIU?$less@K@std@@V?$allocator@I@2@@2@U?$less@K@2@V?$allocator@I@2@@std@@QAE?AV012@H@Z 1000e8c0 f i RenderSession.obj
 0001:0000d920       ?insert@?$vector@URenderSession@?%C:\GAMES\STEAM\STEAMAPPS\COMMON\SERIOUS SAM CLASSIC THE SECOND ENCOUNTER\Sources\GLShaders\RenderSession.cpp18084318@@V?$allocator@URenderSession@?%C:\GAMES\STEAM\STEAMAPPS\COMMON\SERIOUS SAM CLASSIC THE SECOND ENCOUNTER\Sources\GLShaders\RenderSession.cpp18084318@@@std@@@std@@QAEXPAURenderSession@?%C:\GAMES\STEAM\STEAMAPPS\COMMON\SERIOUS SAM CLASSIC THE SECOND ENCOUNTER\Sources\GLShaders\RenderSession.cpp18084318@@IABU34@@Z 1000e920 f i RenderSession.obj
 0001:0000dc00       ?destroy@?$allocator@URenderSession@?%C:\GAMES\STEAM\STEAMAPPS\COMMON\SERIOUS SAM CLASSIC THE SECOND ENCOUNTER\Sources\GLShaders\RenderSession.cpp18084318@@@std@@QAEXPAURenderSession@?%C:\GAMES\STEAM\STEAMAPPS\COMMON\SERIOUS SAM CLASSIC THE SECOND ENCOUNTER\Sources\GLShaders\RenderSession.cpp18084318@@@Z 1000ec00 f i RenderSession.obj
 0001:0000dc40       ?insert@?$vector@V?$basic_string@DU?$char_traits@D@std@@V?$allocator@D@2@@std@@V?$allocator@V?$basic_string@DU?$char_traits@D@std@@V?$allocator@D@2@@std@@@2@@std@@QAEXPAV?$basic_string@DU?$char_traits@D@std@@V?$allocator@D@2@@2@IABV32@@Z 1000ec40 f i RenderSession.obj
 0001:0000df20       ?construct@?$allocator@V?$basic_string@DU?$char_traits@D@std@@V?$allocator@D@2@@std@@@std@@QAEXPAV?$basic_string@DU?$char_traits@D@std@@V?$allocator@D@2@@2@ABV32@@Z 1000ef20 f i RenderSession.obj
 0001:0000df60       ?destroy@?$allocator@V?$basic_string@DU?$char_traits@D@std@@V?$allocator@D@2@@std@@@std@@QAEXPAV?$basic_string@DU?$char_traits@D@std@@V?$allocator@D@2@@2@@Z 1000ef60 f i RenderSession.obj
 0001:0000dfa0       ??0?$pair@Viterator@?$_Tree@KU?$pair@$$CBKI@std@@U_Kfn@?$map@KIU?$less@K@std@@V?$allocator@I@2@@2@U?$less@K@2@V?$allocator@I@2@@std@@_N@std@@QAE@ABViterator@?$_Tree@KU?$pair@$$CBKI@std@@U_Kfn@?$map@KIU?$less@K@std@@V?$allocator@I@2@@2@U?$less@K@2@V?$allocator@I@2@@1@AB_N@Z 1000efa0 f i RenderSession.obj
 0001:0000dfe0       ?_Ufill@?$vector@PAVCTextureObject@@V?$allocator@PAVCTextureObject@@@std@@@std@@IAEXPAPAVCTextureObject@@IABQAV3@@Z 1000efe0 f i RenderSession.obj
 0001:0000e040       ?_Ucopy@?$vector@V?$vector@URenderSession@?%C:\GAMES\STEAM\STEAMAPPS\COMMON\SERIOUS SAM CLASSIC THE SECOND ENCOUNTER\Sources\GLShaders\RenderSession.cpp18084318@@V?$allocator@URenderSession@?%C:\GAMES\STEAM\STEAMAPPS\COMMON\SERIOUS SAM CLASSIC THE SECOND ENCOUNTER\Sources\GLShaders\RenderSession.cpp18084318@@@std@@@std@@V?$allocator@V?$vector@URenderSession@?%C:\GAMES\STEAM\STEAMAPPS\COMMON\SERIOUS SAM CLASSIC THE SECOND ENCOUNTER\Sources\GLShaders\RenderSession.cpp18084318@@V?$allocator@URenderSession@?%C:\GAMES\STEAM\STEAMAPPS\COMMON\SERIOUS SAM CLASSIC THE SECOND ENCOUNTER\Sources\GLShaders\RenderSession.cpp18084318@@@std@@@std@@@2@@std@@IAEPAV?$vector@URenderSession@?%C:\GAMES\STEAM\STEAMAPPS\COMMON\SERIOUS SAM CLASSIC THE SECOND ENCOUNTER\Sources\GLShaders\RenderSession.cpp18084318@@V?$allocator@URenderSession@?%C:\GAMES\STEAM\STEAMAPPS\COMMON\SERIOUS SAM CLASSIC THE SECOND ENCOUNTER\Sources\GLShaders\RenderSession.cpp18084318@@@std@@@2@PBV32@0PAV32@@Z 1000f040 f i RenderSession.obj
 0001:0000e0b0       ?_Ufill@?$vector@V?$vector@URenderSession@?%C:\GAMES\STEAM\STEAMAPPS\COMMON\SERIOUS SAM CLASSIC THE SECOND ENCOUNTER\Sources\GLShaders\RenderSession.cpp18084318@@V?$allocator@URenderSession@?%C:\GAMES\STEAM\STEAMAPPS\COMMON\SERIOUS SAM CLASSIC THE SECOND ENCOUNTER\Sources\GLShaders\RenderSession.cpp18084318@@@std@@@std@@V?$allocator@V?$vector@URenderSession@?%C:\GAMES\STEAM\STEAMAPPS\COMMON\SERIOUS SAM CLASSIC THE SECOND ENCOUNTER\Sources\GLShaders\RenderSession.cpp18084318@@V?$allocator@URenderSession@?%C:\GAMES\STEAM\STEAMAPPS\COMMON\SERIOUS SAM CLASSIC THE SECOND ENCOUNTER\Sources\GLShaders\RenderSession.cpp18084318@@@std@@@std@@@2@@std@@IAEXPAV?$vector@URenderSession@?%C:\GAMES\STEAM\STEAMAPPS\COMMON\SERIOUS SAM CLASSIC THE SECOND ENCOUNTER\Sources\GLShaders\RenderSession.cpp18084318@@V?$allocator@URenderSession@?%C:\GAMES\STEAM\STEAMAPPS\COMMON\SERIOUS SAM CLASSIC THE SECOND ENCOUNTER\Sources\GLShaders\RenderSession.cpp18084318@@@std@@@2@IABV32@@Z 1000f0b0 f i RenderSession.obj
 0001:0000e110       ?allocate@?$allocator@V?$vector@URenderSession@?%C:\GAMES\STEAM\STEAMAPPS\COMMON\SERIOUS SAM CLASSIC THE SECOND ENCOUNTER\Sources\GLShaders\RenderSession.cpp18084318@@V?$allocator@URenderSession@?%C:\GAMES\STEAM\STEAMAPPS\COMMON\SERIOUS SAM CLASSIC THE SECOND ENCOUNTER\Sources\GLShaders\RenderSession.cpp18084318@@@std@@@std@@@std@@QAEPAV?$vector@URenderSession@?%C:\GAMES\STEAM\STEAMAPPS\COMMON\SERIOUS SAM CLASSIC THE SECOND ENCOUNTER\Sources\GLShaders\RenderSession.cpp18084318@@V?$allocator@URenderSession@?%C:\GAMES\STEAM\STEAMAPPS\COMMON\SERIOUS SAM CLASSIC THE SECOND ENCOUNTER\Sources\GLShaders\RenderSession.cpp18084318@@@std@@@2@IPBX@Z 1000f110 f i RenderSession.obj
 0001:0000e150       ??R_Kfn@?$map@KIU?$less@K@std@@V?$allocator@I@2@@std@@QBEABKABU?$pair@$$CBKI@2@@Z 1000f150 f i RenderSession.obj
 0001:0000e170       ?_Color@?$_Tree@KU?$pair@$$CBKI@std@@U_Kfn@?$map@KIU?$less@K@std@@V?$allocator@I@2@@2@U?$less@K@2@V?$allocator@I@2@@std@@KAAAW4_Redbl@12@PAU_Node@12@@Z 1000f170 f i RenderSession.obj
 0001:0000e180       ?_Left@?$_Tree@KU?$pair@$$CBKI@std@@U_Kfn@?$map@KIU?$less@K@std@@V?$allocator@I@2@@2@U?$less@K@2@V?$allocator@I@2@@std@@KAAAPAU_Node@12@PAU312@@Z 1000f180 f i RenderSession.obj
 0001:0000e190       ?_Insert@?$_Tree@KU?$pair@$$CBKI@std@@U_Kfn@?$map@KIU?$less@K@std@@V?$allocator@I@2@@2@U?$less@K@2@V?$allocator@I@2@@std@@IAE?AViterator@12@PAU_Node@12@0ABU?$pair@$$CBKI@2@@Z 1000f190 f i RenderSession.obj
 0001:0000e7d0       ?_Lbound@?$_Tree@KU?$pair@$$CBKI@std@@U_Kfn@?$map@KIU?$less@K@std@@V?$allocator@I@2@@2@U?$less@K@2@V?$allocator@I@2@@std@@IBEPAU_Node@12@ABK@Z 1000f7d0 f i RenderSession.obj
 0001:0000e910       ?_Lrotate@?$_Tree@KU?$pair@$$CBKI@std@@U_Kfn@?$map@KIU?$less@K@std@@V?$allocator@I@2@@2@U?$less@K@2@V?$allocator@I@2@@std@@IAEXPAU_Node@12@@Z 1000f910 f i RenderSession.obj
 0001:0000eb10       ?_Max@?$_Tree@KU?$pair@$$CBKI@std@@U_Kfn@?$map@KIU?$less@K@std@@V?$allocator@I@2@@2@U?$less@K@2@V?$allocator@I@2@@std@@KAPAU_Node@12@PAU312@@Z 1000fb10 f i RenderSession.obj
 0001:0000ebe0       ?_Rrotate@?$_Tree@KU?$pair@$$CBKI@std@@U_Kfn@?$map@KIU?$less@K@std@@V?$allocator@I@2@@2@U?$less@K@2@V?$allocator@I@2@@std@@IAEXPAU_Node@12@@Z 1000fbe0 f i RenderSession.obj
 0001:0000ede0       ?_Buynode@?$_Tree@KU?$pair@$$CBKI@std@@U_Kfn@?$map@KIU?$less@K@std@@V?$allocator@I@2@@2@U?$less@K@2@V?$allocator@I@2@@std@@IAEPAU_Node@12@PAU312@W4_Redbl@12@@Z 1000fde0 f i RenderSession.obj
 0001:0000ee50       ?_Destval@?$_Tree@KU?$pair@$$CBKI@std@@U_Kfn@?$map@KIU?$less@K@std@@V?$allocator@I@2@@2@U?$less@K@2@V?$allocator@I@2@@std@@IAEXPAU?$pair@$$CBKI@2@@Z 1000fe50 f i RenderSession.obj
 0001:0000ee90       ??0const_iterator@?$_Tree@KU?$pair@$$CBKI@std@@U_Kfn@?$map@KIU?$less@K@std@@V?$allocator@I@2@@2@U?$less@K@2@V?$allocator@I@2@@std@@QAE@PAU_Node@12@@Z 1000fe90 f i RenderSession.obj
 0001:0000eec0       ??Fiterator@?$_Tree@KU?$pair@$$CBKI@std@@U_Kfn@?$map@KIU?$less@K@std@@V?$allocator@I@2@@2@U?$less@K@2@V?$allocator@I@2@@std@@QAEAAV012@XZ 1000fec0 f i RenderSession.obj
 0001:0000eef0       ?_Ucopy@?$vector@URenderSession@?%C:\GAMES\STEAM\STEAMAPPS\COMMON\SERIOUS SAM CLASSIC THE SECOND ENCOUNTER\Sources\GLShaders\RenderSession.cpp18084318@@V?$allocator@URenderSession@?%C:\GAMES\STEAM\STEAMAPPS\COMMON\SERIOUS SAM CLASSIC THE SECOND ENCOUNTER\Sources\GLShaders\RenderSession.cpp18084318@@@std@@@std@@IAEPAURenderSession@?%C:\GAMES\STEAM\STEAMAPPS\COMMON\SERIOUS SAM CLASSIC THE SECOND ENCOUNTER\Sources\GLShaders\RenderSession.cpp18084318@@PBU34@0PAU34@@Z 1000fef0 f i RenderSession.obj
 0001:0000ef60       ?_Ufill@?$vector@URenderSession@?%C:\GAMES\STEAM\STEAMAPPS\COMMON\SERIOUS SAM CLASSIC THE SECOND ENCOUNTER\Sources\GLShaders\RenderSession.cpp18084318@@V?$allocator@URenderSession@?%C:\GAMES\STEAM\STEAMAPPS\COMMON\SERIOUS SAM CLASSIC THE SECOND ENCOUNTER\Sources\GLShaders\RenderSession.cpp18084318@@@std@@@std@@IAEXPAURenderSession@?%C:\GAMES\STEAM\STEAMAPPS\COMMON\SERIOUS SAM CLASSIC THE SECOND ENCOUNTER\Sources\GLShaders\RenderSession.cpp18084318@@IABU34@@Z 1000ff60 f i RenderSession.obj
 0001:0000efc0       ?allocate@?$allocator@URenderSession@?%C:\GAMES\STEAM\STEAMAPPS\COMMON\SERIOUS SAM CLASSIC THE SECOND ENCOUNTER\Sources\GLShaders\RenderSession.cpp18084318@@@std@@QAEPAURenderSession@?%C:\GAMES\STEAM\STEAMAPPS\COMMON\SERIOUS SAM CLASSIC THE SECOND ENCOUNTER\Sources\GLShaders\RenderSession.cpp18084318@@IPBX@Z 1000ffc0 f i RenderSession.obj
 0001:0000f000       ?_Ufill@?$vector@V?$basic_string@DU?$char_traits@D@std@@V?$allocator@D@2@@std@@V?$allocator@V?$basic_string@DU?$char_traits@D@std@@V?$allocator@D@2@@std@@@2@@std@@IAEXPAV?$basic_string@DU?$char_traits@D@std@@V?$allocator@D@2@@2@IABV32@@Z 10010000 f i RenderSession.obj
 0001:0000f060       ?_Charalloc@?$allocator@I@std@@QAEPADI@Z 10010060 f i RenderSession.obj
 0001:0000f0a0       ?construct@?$allocator@V?$vector@URenderSession@?%C:\GAMES\STEAM\STEAMAPPS\COMMON\SERIOUS SAM CLASSIC THE SECOND ENCOUNTER\Sources\GLShaders\RenderSession.cpp18084318@@V?$allocator@URenderSession@?%C:\GAMES\STEAM\STEAMAPPS\COMMON\SERIOUS SAM CLASSIC THE SECOND ENCOUNTER\Sources\GLShaders\RenderSession.cpp18084318@@@std@@@std@@@std@@QAEXPAV?$vector@URenderSession@?%C:\GAMES\STEAM\STEAMAPPS\COMMON\SERIOUS SAM CLASSIC THE SECOND ENCOUNTER\Sources\GLShaders\RenderSession.cpp18084318@@V?$allocator@URenderSession@?%C:\GAMES\STEAM\STEAMAPPS\COMMON\SERIOUS SAM CLASSIC THE SECOND ENCOUNTER\Sources\GLShaders\RenderSession.cpp18084318@@@std@@@2@ABV32@@Z 100100a0 f i RenderSession.obj
 0001:0000f0e0       ?_Root@?$_Tree@KU?$pair@$$CBKI@std@@U_Kfn@?$map@KIU?$less@K@std@@V?$allocator@I@2@@2@U?$less@K@2@V?$allocator@I@2@@std@@IBEAAPAU_Node@12@XZ 100100e0 f i RenderSession.obj
 0001:0000f120       ?_Consval@?$_Tree@KU?$pair@$$CBKI@std@@U_Kfn@?$map@KIU?$less@K@std@@V?$allocator@I@2@@2@U?$less@K@2@V?$allocator@I@2@@std@@IAEXPAU?$pair@$$CBKI@2@ABU32@@Z 10010120 f i RenderSession.obj
 0001:0000f160       ?_Dec@const_iterator@?$_Tree@KU?$pair@$$CBKI@std@@U_Kfn@?$map@KIU?$less@K@std@@V?$allocator@I@2@@2@U?$less@K@2@V?$allocator@I@2@@std@@QAEXXZ 10010160 f i RenderSession.obj
 0001:0000f2f0       ?construct@?$allocator@URenderSession@?%C:\GAMES\STEAM\STEAMAPPS\COMMON\SERIOUS SAM CLASSIC THE SECOND ENCOUNTER\Sources\GLShaders\RenderSession.cpp18084318@@@std@@QAEXPAURenderSession@?%C:\GAMES\STEAM\STEAMAPPS\COMMON\SERIOUS SAM CLASSIC THE SECOND ENCOUNTER\Sources\GLShaders\RenderSession.cpp18084318@@ABU34@@Z 100102f0 f i RenderSession.obj
 0001:0000f330       ??0?$Matrix@M$02$02@@QAE@XZ 10010330 f i RenderSession.obj
 0001:0000f3d0       ??R?$Matrix@M$02$02@@QAEAAMHH@Z 100103d0 f i RenderSession.obj
 0001:0000f4b0       ??0?$Vector@M$02@@QAE@MMM@Z 100104b0 f i RenderSession.obj
 0001:0000f590       ??R?$Vector@M$02@@QBEABMH@Z 10010590 f i RenderSession.obj
 0001:0000f650       ??R?$Vector@M$02@@QAEAAMH@Z 10010650 f i RenderSession.obj
 0001:0000f710       ??R?$Vector@M$01@@QAEAAMH@Z 10010710 f i RenderSession.obj
 0001:0000f7d0       ??A?$CStaticArray@UTextureInstance@@@@QAEAAUTextureInstance@@J@Z 100107d0 f i RenderSession.obj
 0001:0000f8e0       ??A?$CStaticArray@UMeshInstance@@@@QAEAAUMeshInstance@@J@Z 100108e0 f i RenderSession.obj
 0001:0000f9f0       ??0?$CStaticArrayIterator@UMeshInstance@@@@QAE@AAV?$CStaticArray@UMeshInstance@@@@@Z 100109f0 f i RenderSession.obj
 0001:0000fa30       ??1?$CStaticArrayIterator@UMeshInstance@@@@QAE@XZ 10010a30 f i RenderSession.obj
 0001:0000fa60       ?MoveToNext@?$CStaticArrayIterator@UMeshInstance@@@@QAEXXZ 10010a60 f i RenderSession.obj
 0001:0000fb20       ?IsPastEnd@?$CStaticArrayIterator@UMeshInstance@@@@QAEHXZ 10010b20 f i RenderSession.obj
 0001:0000fbe0       ??0?$CStaticArrayIterator@UTextureInstance@@@@QAE@AAV?$CStaticArray@UTextureInstance@@@@@Z 10010be0 f i RenderSession.obj
 0001:0000fc20       ??1?$CStaticArrayIterator@UTextureInstance@@@@QAE@XZ 10010c20 f i RenderSession.obj
 0001:0000fc50       ?MoveToNext@?$CStaticArrayIterator@UTextureInstance@@@@QAEXXZ 10010c50 f i RenderSession.obj
 0001:0000fd10       ?IsPastEnd@?$CStaticArrayIterator@UTextureInstance@@@@QAEHXZ 10010d10 f i RenderSession.obj
 0001:0000fdd0       ?_Allocate@std@@YAPAIHPAI@Z 10010dd0 f i RenderSession.obj
 0001:0000fe10       ?fill@std@@YAXPAI0ABI@Z    10010e10 f i RenderSession.obj
 0001:0000fe40       ?copy_backward@std@@YAPAIPAI00@Z 10010e40 f i RenderSession.obj
 0001:0000fe80       ?_Allocate@std@@YAPAPAVCTextureObject@@HPAPAV2@@Z 10010e80 f i RenderSession.obj
 0001:0000fec0       ?copy@std@@YAPAV?$vector@URenderSession@?%C:\GAMES\STEAM\STEAMAPPS\COMMON\SERIOUS SAM CLASSIC THE SECOND ENCOUNTER\Sources\GLShaders\RenderSession.cpp18084318@@V?$allocator@URenderSession@?%C:\GAMES\STEAM\STEAMAPPS\COMMON\SERIOUS SAM CLASSIC THE SECOND ENCOUNTER\Sources\GLShaders\RenderSession.cpp18084318@@@std@@@1@PAV21@00@Z 10010ec0 f i RenderSession.obj
 0001:0000ff10       ?_Allocate@std@@YAPAV?$basic_string@DU?$char_traits@D@std@@V?$allocator@D@2@@1@HPAV21@@Z 10010f10 f i RenderSession.obj
 0001:0000ff50       ?_Construct@std@@YAXPAIABI@Z 10010f50 f i RenderSession.obj
 0001:0000ffc0       ??2@YAPAXIPAX@Z            10010fc0 f i RenderSession.obj
 0001:0000ffd0       ?_Destroy@std@@YAXPAI@Z    10010fd0 f i RenderSession.obj
 0001:0000ffe0       ?fill@std@@YAXPAPAVCTextureObject@@0ABQAV2@@Z 10010fe0 f i RenderSession.obj
 0001:00010010       ?copy_backward@std@@YAPAPAVCTextureObject@@PAPAV2@00@Z 10011010 f i RenderSession.obj
 0001:00010050       ?_Construct@std@@YAXPAPAVCTextureObject@@ABQAV2@@Z 10011050 f i RenderSession.obj
 0001:000100c0       ?_Destroy@std@@YAXPAPAVCTextureObject@@@Z 100110c0 f i RenderSession.obj
 0001:000100d0       ?fill@std@@YAXPAV?$vector@URenderSession@?%C:\GAMES\STEAM\STEAMAPPS\COMMON\SERIOUS SAM CLASSIC THE SECOND ENCOUNTER\Sources\GLShaders\RenderSession.cpp18084318@@V?$allocator@URenderSession@?%C:\GAMES\STEAM\STEAMAPPS\COMMON\SERIOUS SAM CLASSIC THE SECOND ENCOUNTER\Sources\GLShaders\RenderSession.cpp18084318@@@std@@@1@0ABV21@@Z 100110d0 f i RenderSession.obj
 0001:00010110       ?copy_backward@std@@YAPAV?$vector@URenderSession@?%C:\GAMES\STEAM\STEAMAPPS\COMMON\SERIOUS SAM CLASSIC THE SECOND ENCOUNTER\Sources\GLShaders\RenderSession.cpp18084318@@V?$allocator@URenderSession@?%C:\GAMES\STEAM\STEAMAPPS\COMMON\SERIOUS SAM CLASSIC THE SECOND ENCOUNTER\Sources\GLShaders\RenderSession.cpp18084318@@@std@@@1@PAV21@00@Z 10011110 f i RenderSession.obj
 0001:00010160       ?_Destroy@std@@YAXPAV?$vector@URenderSession@?%C:\GAMES\STEAM\STEAMAPPS\COMMON\SERIOUS SAM CLASSIC THE SECOND ENCOUNTER\Sources\GLShaders\RenderSession.cpp18084318@@V?$allocator@URenderSession@?%C:\GAMES\STEAM\STEAMAPPS\COMMON\SERIOUS SAM CLASSIC THE SECOND ENCOUNTER\Sources\GLShaders\RenderSession.cpp18084318@@@std@@@1@@Z 10011160 f i RenderSession.obj
 0001:00010180       ?swap@std@@YAXAAW4_Redbl@?$_Tree@KU?$pair@$$CBKI@std@@U_Kfn@?$map@KIU?$less@K@std@@V?$allocator@I@2@@2@U?$less@K@2@V?$allocator@I@2@@1@0@Z 10011180 f i RenderSession.obj
 0001:000101c0       ?fill@std@@YAXPAURenderSession@?%C:\GAMES\STEAM\STEAMAPPS\COMMON\SERIOUS SAM CLASSIC THE SECOND ENCOUNTER\Sources\GLShaders\RenderSession.cpp18084318@@0ABU23@@Z 100111c0 f i RenderSession.obj
 0001:00010200       ?copy_backward@std@@YAPAURenderSession@?%C:\GAMES\STEAM\STEAMAPPS\COMMON\SERIOUS SAM CLASSIC THE SECOND ENCOUNTER\Sources\GLShaders\RenderSession.cpp18084318@@PAU23@00@Z 10011200 f i RenderSession.obj
 0001:00010250       ?_Destroy@std@@YAXPAURenderSession@?%C:\GAMES\STEAM\STEAMAPPS\COMMON\SERIOUS SAM CLASSIC THE SECOND ENCOUNTER\Sources\GLShaders\RenderSession.cpp18084318@@@Z 10011250 f i RenderSession.obj
 0001:00010270       ?fill@std@@YAXPAV?$basic_string@DU?$char_traits@D@std@@V?$allocator@D@2@@1@0ABV21@@Z 10011270 f i RenderSession.obj
 0001:000102c0       ?copy_backward@std@@YAPAV?$basic_string@DU?$char_traits@D@std@@V?$allocator@D@2@@1@PAV21@00@Z 100112c0 f i RenderSession.obj
 0001:00010320       ?_Construct@std@@YAXPAV?$basic_string@DU?$char_traits@D@std@@V?$allocator@D@2@@1@ABV21@@Z 10011320 f i RenderSession.obj
 0001:000103e0       ??3@YAXPAX0@Z              100113e0 f i RenderSession.obj
 0001:000103f0       ?_Destroy@std@@YAXPAV?$basic_string@DU?$char_traits@D@std@@V?$allocator@D@2@@1@@Z 100113f0 f i RenderSession.obj
 0001:00010410       ?_Allocate@std@@YAPAV?$vector@URenderSession@?%C:\GAMES\STEAM\STEAMAPPS\COMMON\SERIOUS SAM CLASSIC THE SECOND ENCOUNTER\Sources\GLShaders\RenderSession.cpp18084318@@V?$allocator@URenderSession@?%C:\GAMES\STEAM\STEAMAPPS\COMMON\SERIOUS SAM CLASSIC THE SECOND ENCOUNTER\Sources\GLShaders\RenderSession.cpp18084318@@@std@@@1@HPAV21@@Z 10011410 f i RenderSession.obj
 0001:00010450       ?_Destroy@std@@YAXPAU?$pair@$$CBKI@1@@Z 10011450 f i RenderSession.obj
 0001:00010460       ?_Allocate@std@@YAPAURenderSession@?%C:\GAMES\STEAM\STEAMAPPS\COMMON\SERIOUS SAM CLASSIC THE SECOND ENCOUNTER\Sources\GLShaders\RenderSession.cpp18084318@@HPAU23@@Z 10011460 f i RenderSession.obj
 0001:000104a0       ?_Allocate@std@@YAPADHPAD@Z 100114a0 f i RenderSession.obj
 0001:000104d0       ?_Construct@std@@YAXPAV?$vector@URenderSession@?%C:\GAMES\STEAM\STEAMAPPS\COMMON\SERIOUS SAM CLASSIC THE SECOND ENCOUNTER\Sources\GLShaders\RenderSession.cpp18084318@@V?$allocator@URenderSession@?%C:\GAMES\STEAM\STEAMAPPS\COMMON\SERIOUS SAM CLASSIC THE SECOND ENCOUNTER\Sources\GLShaders\RenderSession.cpp18084318@@@std@@@1@ABV21@@Z 100114d0 f i RenderSession.obj
 0001:00010580       ?_Construct@std@@YAXPAU?$pair@$$CBKI@1@ABU21@@Z 10011580 f i RenderSession.obj
 0001:000105f0       ?_Construct@std@@YAXPAURenderSession@?%C:\GAMES\STEAM\STEAMAPPS\COMMON\SERIOUS SAM CLASSIC THE SECOND ENCOUNTER\Sources\GLShaders\RenderSession.cpp18084318@@ABU23@@Z 100115f0 f i RenderSession.obj
 0001:000106a0       ??_G?$vector@URenderSession@?%C:\GAMES\STEAM\STEAMAPPS\COMMON\SERIOUS SAM CLASSIC THE SECOND ENCOUNTER\Sources\GLShaders\RenderSession.cpp18084318@@V?$allocator@URenderSession@?%C:\GAMES\STEAM\STEAMAPPS\COMMON\SERIOUS SAM CLASSIC THE SECOND ENCOUNTER\Sources\GLShaders\RenderSession.cpp18084318@@@std@@@std@@QAEPAXI@Z 100116a0 f i RenderSession.obj
 0001:000106f0       ??4RenderSession@?%C:\GAMES\STEAM\STEAMAPPS\COMMON\SERIOUS SAM CLASSIC THE SECOND ENCOUNTER\Sources\GLShaders\RenderSession.cpp18084318@@QAEAAU01@ABU01@@Z 100116f0 f i RenderSession.obj
 0001:000107c0       ??4?$vector@IV?$allocator@I@std@@@std@@QAEAAV01@ABV01@@Z 100117c0 f i RenderSession.obj
 0001:000109e0       ?capacity@?$vector@IV?$allocator@I@std@@@std@@QBEIXZ 100119e0 f i RenderSession.obj
 0001:00010a40       ?begin@?$vector@IV?$allocator@I@std@@@std@@QBEPBIXZ 10011a40 f i RenderSession.obj
 0001:00010a60       ?end@?$vector@IV?$allocator@I@std@@@std@@QBEPBIXZ 10011a60 f i RenderSession.obj
 0001:00010a80       ?copy@std@@YAPAIPBI0PAI@Z  10011a80 f i RenderSession.obj
 0001:00010ac0       ??_GRenderSession@?%C:\GAMES\STEAM\STEAMAPPS\COMMON\SERIOUS SAM CLASSIC THE SECOND ENCOUNTER\Sources\GLShaders\RenderSession.cpp18084318@@QAEPAXI@Z 10011ac0 f i RenderSession.obj
 0001:00010b10       ??_G?$basic_string@DU?$char_traits@D@std@@V?$allocator@D@2@@std@@QAEPAXI@Z 10011b10 f i RenderSession.obj
 0001:00010b70       ??0RenderSession@?%C:\GAMES\STEAM\STEAMAPPS\COMMON\SERIOUS SAM CLASSIC THE SECOND ENCOUNTER\Sources\GLShaders\RenderSession.cpp18084318@@QAE@ABU01@@Z 10011b70 f i RenderSession.obj
 0001:00010c80       ??0?$vector@IV?$allocator@I@std@@@std@@QAE@ABV01@@Z 10011c80 f i RenderSession.obj
 0001:00010d20       ??0?$vector@PAVCTextureObject@@V?$allocator@PAVCTextureObject@@@std@@@std@@QAE@ABV01@@Z 10011d20 f i RenderSession.obj
 0001:00010dc0       ??4?$vector@PAVCTextureObject@@V?$allocator@PAVCTextureObject@@@std@@@std@@QAEAAV01@ABV01@@Z 10011dc0 f i RenderSession.obj
 0001:00010fe0       ??0?$vector@URenderSession@?%C:\GAMES\STEAM\STEAMAPPS\COMMON\SERIOUS SAM CLASSIC THE SECOND ENCOUNTER\Sources\GLShaders\RenderSession.cpp18084318@@V?$allocator@URenderSession@?%C:\GAMES\STEAM\STEAMAPPS\COMMON\SERIOUS SAM CLASSIC THE SECOND ENCOUNTER\Sources\GLShaders\RenderSession.cpp18084318@@@std@@@std@@QAE@ABV01@@Z 10011fe0 f i RenderSession.obj
 0001:00011080       ??4?$vector@URenderSession@?%C:\GAMES\STEAM\STEAMAPPS\COMMON\SERIOUS SAM CLASSIC THE SECOND ENCOUNTER\Sources\GLShaders\RenderSession.cpp18084318@@V?$allocator@URenderSession@?%C:\GAMES\STEAM\STEAMAPPS\COMMON\SERIOUS SAM CLASSIC THE SECOND ENCOUNTER\Sources\GLShaders\RenderSession.cpp18084318@@@std@@@std@@QAEAAV01@ABV01@@Z 10012080 f i RenderSession.obj
 0001:000112a0       ?begin@?$vector@PAVCTextureObject@@V?$allocator@PAVCTextureObject@@@std@@@std@@QBEPBQAVCTextureObject@@XZ 100122a0 f i RenderSession.obj
 0001:000112c0       ?end@?$vector@PAVCTextureObject@@V?$allocator@PAVCTextureObject@@@std@@@std@@QBEPBQAVCTextureObject@@XZ 100122c0 f i RenderSession.obj
 0001:000112e0       ?capacity@?$vector@URenderSession@?%C:\GAMES\STEAM\STEAMAPPS\COMMON\SERIOUS SAM CLASSIC THE SECOND ENCOUNTER\Sources\GLShaders\RenderSession.cpp18084318@@V?$allocator@URenderSession@?%C:\GAMES\STEAM\STEAMAPPS\COMMON\SERIOUS SAM CLASSIC THE SECOND ENCOUNTER\Sources\GLShaders\RenderSession.cpp18084318@@@std@@@std@@QBEIXZ 100122e0 f i RenderSession.obj
 0001:00011340       ?begin@?$vector@URenderSession@?%C:\GAMES\STEAM\STEAMAPPS\COMMON\SERIOUS SAM CLASSIC THE SECOND ENCOUNTER\Sources\GLShaders\RenderSession.cpp18084318@@V?$allocator@URenderSession@?%C:\GAMES\STEAM\STEAMAPPS\COMMON\SERIOUS SAM CLASSIC THE SECOND ENCOUNTER\Sources\GLShaders\RenderSession.cpp18084318@@@std@@@std@@QBEPBURenderSession@?%C:\GAMES\STEAM\STEAMAPPS\COMMON\SERIOUS SAM CLASSIC THE SECOND ENCOUNTER\Sources\GLShaders\RenderSession.cpp18084318@@XZ 10012340 f i RenderSession.obj
 0001:00011360       ?end@?$vector@URenderSession@?%C:\GAMES\STEAM\STEAMAPPS\COMMON\SERIOUS SAM CLASSIC THE SECOND ENCOUNTER\Sources\GLShaders\RenderSession.cpp18084318@@V?$allocator@URenderSession@?%C:\GAMES\STEAM\STEAMAPPS\COMMON\SERIOUS SAM CLASSIC THE SECOND ENCOUNTER\Sources\GLShaders\RenderSession.cpp18084318@@@std@@@std@@QBEPBURenderSession@?%C:\GAMES\STEAM\STEAMAPPS\COMMON\SERIOUS SAM CLASSIC THE SECOND ENCOUNTER\Sources\GLShaders\RenderSession.cpp18084318@@XZ 10012360 f i RenderSession.obj
 0001:00011380       ?copy@std@@YAPAPAVCTextureObject@@PBQAV2@0PAPAV2@@Z 10012380 f i RenderSession.obj
 0001:000113c0       ?copy@std@@YAPAURenderSession@?%C:\GAMES\STEAM\STEAMAPPS\COMMON\SERIOUS SAM CLASSIC THE SECOND ENCOUNTER\Sources\GLShaders\RenderSession.cpp18084318@@PBU23@0PAU23@@Z 100123c0 f i RenderSession.obj
 0001:00011410       _Shader_GLShader_1         10012410 f   ShaderEntryPoints.obj
 0001:000115a0       _Shader_Desc_GLShader_1    100125a0 f   ShaderEntryPoints.obj
 0001:00011926       _Shader_GLShader_2         10012926 f   ShaderEntryPoints.obj
 0001:00011ab6       _Shader_Desc_GLShader_2    10012ab6 f   ShaderEntryPoints.obj
 0001:00011e3c       _Shader_GLShader_3         10012e3c f   ShaderEntryPoints.obj
 0001:00011fcc       _Shader_Desc_GLShader_3    10012fcc f   ShaderEntryPoints.obj
 0001:00012352       _Shader_GLShader_4         10013352 f   ShaderEntryPoints.obj
 0001:000124e2       _Shader_Desc_GLShader_4    100134e2 f   ShaderEntryPoints.obj
 0001:00012868       _Shader_GLShader_5         10013868 f   ShaderEntryPoints.obj
 0001:000129f8       _Shader_Desc_GLShader_5    100139f8 f   ShaderEntryPoints.obj
 0001:00012d7e       _Shader_GLShader_6         10013d7e f   ShaderEntryPoints.obj
 0001:00012f0e       _Shader_Desc_GLShader_6    10013f0e f   ShaderEntryPoints.obj
 0001:00013294       _Shader_GLShader_7         10014294 f   ShaderEntryPoints.obj
 0001:00013424       _Shader_Desc_GLShader_7    10014424 f   ShaderEntryPoints.obj
 0001:000137aa       _Shader_GLShader_8         100147aa f   ShaderEntryPoints.obj
 0001:0001393a       _Shader_Desc_GLShader_8    1001493a f   ShaderEntryPoints.obj
 0001:00013cc0       _Shader_GLShader_9         10014cc0 f   ShaderEntryPoints.obj
 0001:00013e50       _Shader_Desc_GLShader_9    10014e50 f   ShaderEntryPoints.obj
 0001:000141d6       _Shader_GLShader_10        100151d6 f   ShaderEntryPoints.obj
 0001:00014366       _Shader_Desc_GLShader_10   10015366 f   ShaderEntryPoints.obj
 0001:000146ec       _Shader_GLShader_11        100156ec f   ShaderEntryPoints.obj
 0001:0001487c       _Shader_Desc_GLShader_11   1001587c f   ShaderEntryPoints.obj
 0001:00014c02       _Shader_GLShader_12        10015c02 f   ShaderEntryPoints.obj
 0001:00014d92       _Shader_Desc_GLShader_12   10015d92 f   ShaderEntryPoints.obj
 0001:00015118       _Shader_GLShader_13        10016118 f   ShaderEntryPoints.obj
 0001:000152a8       _Shader_Desc_GLShader_13   100162a8 f   ShaderEntryPoints.obj
 0001:0001562e       _Shader_GLShader_14        1001662e f   ShaderEntryPoints.obj
 0001:000157be       _Shader_Desc_GLShader_14   100167be f   ShaderEntryPoints.obj
 0001:00015b44       _Shader_GLShader_15        10016b44 f   ShaderEntryPoints.obj
 0001:00015cd4       _Shader_Desc_GLShader_15   10016cd4 f   ShaderEntryPoints.obj
 0001:0001605a       _Shader_GLShader_16        1001705a f   ShaderEntryPoints.obj
 0001:000161ea       _Shader_Desc_GLShader_16   100171ea f   ShaderEntryPoints.obj
 0001:00016570       _Shader_GLShader_17        10017570 f   ShaderEntryPoints.obj
 0001:00016700       _Shader_Desc_GLShader_17   10017700 f   ShaderEntryPoints.obj
 0001:00016a86       _Shader_GLShader_18        10017a86 f   ShaderEntryPoints.obj
 0001:00016c16       _Shader_Desc_GLShader_18   10017c16 f   ShaderEntryPoints.obj
 0001:00016f9c       _Shader_GLShader_19        10017f9c f   ShaderEntryPoints.obj
 0001:0001712c       _Shader_Desc_GLShader_19   1001812c f   ShaderEntryPoints.obj
 0001:000174b2       _Shader_GLShader_20        100184b2 f   ShaderEntryPoints.obj
 0001:00017642       _Shader_Desc_GLShader_20   10018642 f   ShaderEntryPoints.obj
 0001:00019340       ??A?$vector@UShaderTexture@ShaderSettings@@V?$allocator@UShaderTexture@ShaderSettings@@@std@@@std@@QAEAAUShaderTexture@ShaderSettings@@I@Z 1001a340 f i ShaderEntryPoints.obj
 0001:00019380       ??A?$vector@UShaderUniform@ShaderSettings@@V?$allocator@UShaderUniform@ShaderSettings@@@std@@@std@@QAEAAUShaderUniform@ShaderSettings@@I@Z 1001a380 f i ShaderEntryPoints.obj
 0001:000193c0       ?begin@?$vector@UShaderTexture@ShaderSettings@@V?$allocator@UShaderTexture@ShaderSettings@@@std@@@std@@QAEPAUShaderTexture@ShaderSettings@@XZ 1001a3c0 f i ShaderEntryPoints.obj
 0001:000193e0       ?begin@?$vector@UShaderUniform@ShaderSettings@@V?$allocator@UShaderUniform@ShaderSettings@@@std@@@std@@QAEPAUShaderUniform@ShaderSettings@@XZ 1001a3e0 f i ShaderEntryPoints.obj
 0001:00019400       ?New@?$CStaticArray@VCTString@@@@QAEXJ@Z 1001a400 f i ShaderEntryPoints.obj
 0001:00019530       ??A?$CStaticArray@VCTString@@@@QAEAAVCTString@@J@Z 1001a530 f i ShaderEntryPoints.obj
 0001:00019560       ??_ECTString@@QAEPAXI@Z    1001a560 f i ShaderEntryPoints.obj
 0001:0001973c       ??0ShaderProfile@@QAE@XZ   1001a73c f   ShaderProfile.obj
 0001:000197c5       ?Clear@ShaderProfile@@QAEXXZ 1001a7c5 f   ShaderProfile.obj
 0001:00019875       ?AlexShaders_CreateShaderProfile@@YAHPBD@Z 1001a875 f   ShaderProfile.obj
 0001:00019978       ?AlexShaders_SetCurrentProfile@@YAHH@Z 1001a978 f   ShaderProfile.obj
 0001:0001999b       ?AlexShaders_GetCurrentProfile@@YAHXZ 1001a99b f   ShaderProfile.obj
 0001:000199a5       ?ClearAllProfiles@@YAXXZ   1001a9a5 f   ShaderProfile.obj
 0001:000199f6       ?GetCurrentShaderLoadingDir@@YAABV?$basic_string@DU?$char_traits@D@std@@V?$allocator@D@2@@std@@XZ 1001a9f6 f   ShaderProfile.obj
 0001:00019a12       ?GetOrCreateShader@@YAAAUShaderSettings@@H@Z 1001aa12 f   ShaderProfile.obj
 0001:00019ee0       ??0DefaultProfileLoader@?%C:\GAMES\STEAM\STEAMAPPS\COMMON\SERIOUS SAM CLASSIC THE SECOND ENCOUNTER\Sources\GLShaders\ShaderProfile.cpp180426575@@QAE@XZ 1001aee0 f i ShaderProfile.obj
 0001:0001a180       ??1ShaderProfile@@QAE@XZ   1001b180 f i ShaderProfile.obj
 0001:0001a210       ??0?$vector@UShaderSettings@@V?$allocator@UShaderSettings@@@std@@@std@@QAE@ABV?$allocator@UShaderSettings@@@1@@Z 1001b210 f i ShaderProfile.obj
 0001:0001a260       ??1?$vector@UShaderSettings@@V?$allocator@UShaderSettings@@@std@@@std@@QAE@XZ 1001b260 f i ShaderProfile.obj
 0001:0001a300       ?resize@?$vector@UShaderSettings@@V?$allocator@UShaderSettings@@@std@@@std@@QAEXIABUShaderSettings@@@Z 1001b300 f i ShaderProfile.obj
 0001:0001a3b0       ??A?$vector@UShaderSettings@@V?$allocator@UShaderSettings@@@std@@@std@@QAEAAUShaderSettings@@I@Z 1001b3b0 f i ShaderProfile.obj
 0001:0001a3f0       ?clear@?$vector@UShaderSettings@@V?$allocator@UShaderSettings@@@std@@@std@@QAEXXZ 1001b3f0 f i ShaderProfile.obj
 0001:0001a440       ??0?$vector@UShaderProfile@@V?$allocator@UShaderProfile@@@std@@@std@@QAE@ABV?$allocator@UShaderProfile@@@1@@Z 1001b440 f i ShaderProfile.obj
 0001:0001a490       ??1?$vector@UShaderProfile@@V?$allocator@UShaderProfile@@@std@@@std@@QAE@XZ 1001b490 f i ShaderProfile.obj
 0001:0001a520       ?size@?$vector@UShaderProfile@@V?$allocator@UShaderProfile@@@std@@@std@@QBEIXZ 1001b520 f i ShaderProfile.obj
 0001:0001a580       ??A?$vector@UShaderProfile@@V?$allocator@UShaderProfile@@@std@@@std@@QAEAAUShaderProfile@@I@Z 1001b580 f i ShaderProfile.obj
 0001:0001a5c0       ?back@?$vector@UShaderProfile@@V?$allocator@UShaderProfile@@@std@@@std@@QAEAAUShaderProfile@@XZ 1001b5c0 f i ShaderProfile.obj
 0001:0001a5f0       ?push_back@?$vector@UShaderProfile@@V?$allocator@UShaderProfile@@@std@@@std@@QAEXABUShaderProfile@@@Z 1001b5f0 f i ShaderProfile.obj
 0001:0001a630       ?begin@?$vector@UShaderSettings@@V?$allocator@UShaderSettings@@@std@@@std@@QAEPAUShaderSettings@@XZ 1001b630 f i ShaderProfile.obj
 0001:0001a650       ?end@?$vector@UShaderSettings@@V?$allocator@UShaderSettings@@@std@@@std@@QAEPAUShaderSettings@@XZ 1001b650 f i ShaderProfile.obj
 0001:0001a670       ?size@?$vector@UShaderSettings@@V?$allocator@UShaderSettings@@@std@@@std@@QBEIXZ 1001b670 f i ShaderProfile.obj
 0001:0001a6d0       ?insert@?$vector@UShaderSettings@@V?$allocator@UShaderSettings@@@std@@@std@@QAEXPAUShaderSettings@@IABU3@@Z 1001b6d0 f i ShaderProfile.obj
 0001:0001a9f0       ?erase@?$vector@UShaderSettings@@V?$allocator@UShaderSettings@@@std@@@std@@QAEPAUShaderSettings@@PAU3@0@Z 1001b9f0 f i ShaderProfile.obj
 0001:0001aa70       ?_Destroy@?$vector@UShaderSettings@@V?$allocator@UShaderSettings@@@std@@@std@@IAEXPAUShaderSettings@@0@Z 1001ba70 f i ShaderProfile.obj
 0001:0001aad0       ?deallocate@?$allocator@UShaderSettings@@@std@@QAEXPAXI@Z 1001bad0 f i ShaderProfile.obj
 0001:0001ab10       ?begin@?$vector@UShaderProfile@@V?$allocator@UShaderProfile@@@std@@@std@@QAEPAUShaderProfile@@XZ 1001bb10 f i ShaderProfile.obj
 0001:0001ab30       ?end@?$vector@UShaderProfile@@V?$allocator@UShaderProfile@@@std@@@std@@QAEPAUShaderProfile@@XZ 1001bb30 f i ShaderProfile.obj
 0001:0001ab50       ?insert@?$vector@UShaderProfile@@V?$allocator@UShaderProfile@@@std@@@std@@QAEPAUShaderProfile@@PAU3@ABU3@@Z 1001bb50 f i ShaderProfile.obj
 0001:0001abd0       ?_Destroy@?$vector@UShaderProfile@@V?$allocator@UShaderProfile@@@std@@@std@@IAEXPAUShaderProfile@@0@Z 1001bbd0 f i ShaderProfile.obj
 0001:0001ac20       ?deallocate@?$allocator@UShaderProfile@@@std@@QAEXPAXI@Z 1001bc20 f i ShaderProfile.obj
 0001:0001ac60       ?_Ucopy@?$vector@UShaderSettings@@V?$allocator@UShaderSettings@@@std@@@std@@IAEPAUShaderSettings@@PBU3@0PAU3@@Z 1001bc60 f i ShaderProfile.obj
 0001:0001acd0       ?_Ufill@?$vector@UShaderSettings@@V?$allocator@UShaderSettings@@@std@@@std@@IAEXPAUShaderSettings@@IABU3@@Z 1001bcd0 f i ShaderProfile.obj
 0001:0001ad30       ?allocate@?$allocator@UShaderSettings@@@std@@QAEPAUShaderSettings@@IPBX@Z 1001bd30 f i ShaderProfile.obj
 0001:0001ad70       ?destroy@?$allocator@UShaderSettings@@@std@@QAEXPAUShaderSettings@@@Z 1001bd70 f i ShaderProfile.obj
 0001:0001adb0       ?insert@?$vector@UShaderProfile@@V?$allocator@UShaderProfile@@@std@@@std@@QAEXPAUShaderProfile@@IABU3@@Z 1001bdb0 f i ShaderProfile.obj
 0001:0001b090       ?destroy@?$allocator@UShaderProfile@@@std@@QAEXPAUShaderProfile@@@Z 1001c090 f i ShaderProfile.obj
 0001:0001b0d0       ?construct@?$allocator@UShaderSettings@@@std@@QAEXPAUShaderSettings@@ABU3@@Z 1001c0d0 f i ShaderProfile.obj
 0001:0001b110       ?_Ucopy@?$vector@UShaderProfile@@V?$allocator@UShaderProfile@@@std@@@std@@IAEPAUShaderProfile@@PBU3@0PAU3@@Z 1001c110 f i ShaderProfile.obj
 0001:0001b180       ?_Ufill@?$vector@UShaderProfile@@V?$allocator@UShaderProfile@@@std@@@std@@IAEXPAUShaderProfile@@IABU3@@Z 1001c180 f i ShaderProfile.obj
 0001:0001b1e0       ?allocate@?$allocator@UShaderProfile@@@std@@QAEPAUShaderProfile@@IPBX@Z 1001c1e0 f i ShaderProfile.obj
 0001:0001b220       ?construct@?$allocator@UShaderProfile@@@std@@QAEXPAUShaderProfile@@ABU3@@Z 1001c220 f i ShaderProfile.obj
 0001:0001b260       ?fill@std@@YAXPAUShaderSettings@@0ABU2@@Z 1001c260 f i ShaderProfile.obj
 0001:0001b2a0       ?copy_backward@std@@YAPAUShaderSettings@@PAU2@00@Z 1001c2a0 f i ShaderProfile.obj
 0001:0001b2f0       ?copy@std@@YAPAUShaderSettings@@PAU2@00@Z 1001c2f0 f i ShaderProfile.obj
 0001:0001b340       ?_Allocate@std@@YAPAUShaderSettings@@HPAU2@@Z 1001c340 f i ShaderProfile.obj
 0001:0001b380       ?_Destroy@std@@YAXPAUShaderSettings@@@Z 1001c380 f i ShaderProfile.obj
 0001:0001b3a0       ?fill@std@@YAXPAUShaderProfile@@0ABU2@@Z 1001c3a0 f i ShaderProfile.obj
 0001:0001b3e0       ?copy_backward@std@@YAPAUShaderProfile@@PAU2@00@Z 1001c3e0 f i ShaderProfile.obj
 0001:0001b430       ?_Destroy@std@@YAXPAUShaderProfile@@@Z 1001c430 f i ShaderProfile.obj
 0001:0001b450       ?_Construct@std@@YAXPAUShaderSettings@@ABU2@@Z 1001c450 f i ShaderProfile.obj
 0001:0001b510       ?_Allocate@std@@YAPAUShaderProfile@@HPAU2@@Z 1001c510 f i ShaderProfile.obj
 0001:0001b550       ?_Construct@std@@YAXPAUShaderProfile@@ABU2@@Z 1001c550 f i ShaderProfile.obj
 0001:0001b600       ??4ShaderSettings@@QAEAAU0@ABU0@@Z 1001c600 f i ShaderProfile.obj
 0001:0001b900       ??_GShaderSettings@@QAEPAXI@Z 1001c900 f i ShaderProfile.obj
 0001:0001b950       ??4ShaderProfile@@QAEAAU0@ABU0@@Z 1001c950 f i ShaderProfile.obj
 0001:0001b9b0       ??_GShaderProfile@@QAEPAXI@Z 1001c9b0 f i ShaderProfile.obj
 0001:0001ba00       ??0ShaderSettings@@QAE@ABU0@@Z 1001ca00 f i ShaderProfile.obj
 0001:0001bd70       ??0ShaderProfile@@QAE@ABU0@@Z 1001cd70 f i ShaderProfile.obj
 0001:0001be10       ??4ShaderField@ShaderSettings@@QAEAAU01@ABU01@@Z 1001ce10 f i ShaderProfile.obj
 0001:0001be80       ??0ShaderField@ShaderSettings@@QAE@ABU01@@Z 1001ce80 f i ShaderProfile.obj
 0001:0001bf30       ??1ShaderField@ShaderSettings@@QAE@XZ 1001cf30 f i ShaderProfile.obj
 0001:0001bfc0       ??0?$vector@UShaderTexture@ShaderSettings@@V?$allocator@UShaderTexture@ShaderSettings@@@std@@@std@@QAE@ABV01@@Z 1001cfc0 f i ShaderProfile.obj
 0001:0001c060       ??1?$vector@UShaderTexture@ShaderSettings@@V?$allocator@UShaderTexture@ShaderSettings@@@std@@@std@@QAE@XZ 1001d060 f i ShaderProfile.obj
 0001:0001c100       ??4?$vector@UShaderTexture@ShaderSettings@@V?$allocator@UShaderTexture@ShaderSettings@@@std@@@std@@QAEAAV01@ABV01@@Z 1001d100 f i ShaderProfile.obj
 0001:0001c330       ??0?$vector@UShaderUniform@ShaderSettings@@V?$allocator@UShaderUniform@ShaderSettings@@@std@@@std@@QAE@ABV01@@Z 1001d330 f i ShaderProfile.obj
 0001:0001c3d0       ??1?$vector@UShaderUniform@ShaderSettings@@V?$allocator@UShaderUniform@ShaderSettings@@@std@@@std@@QAE@XZ 1001d3d0 f i ShaderProfile.obj
[...]
 0004:00000b8c       __imp_??1EVoid@@UAE@XZ     1006ab8c     EngineD:EngineD.dll
 0004:00000b90       __imp_?Return@CRationalEntity@@QAEXJABVCEntityEvent@@@Z 1006ab90     EngineD:EngineD.dll
 0004:00000b94       __imp_??0EVoid@@QAE@XZ     1006ab94     EngineD:EngineD.dll
 0004:00000b98       __imp_??1CEntityEvent@@UAE@XZ 1006ab98     EngineD:EngineD.dll
 0004:00000b9c       __imp_??0CTString@@QAE@ABV0@@Z 1006ab9c     EngineD:EngineD.dll
 0004:00000ba0       __imp_??0CEntityEvent@@QAE@ABV0@@Z 1006aba0     EngineD:EngineD.dll
 0004:00000ba4       __imp_??4CTString@@QAEAAV0@ABV0@@Z 1006aba4     EngineD:EngineD.dll
 0004:00000ba8       __imp_??4CEntityEvent@@QAEAAV0@ABV0@@Z 1006aba8     EngineD:EngineD.dll
 0004:00000bac       __imp_?AddReference@CEntity@@QAEXXZ 1006abac     EngineD:EngineD.dll
 0004:00000bb0       __imp_?RemReference@CEntity@@QAEXXZ 1006abb0     EngineD:EngineD.dll
 0004:00000bb4       __imp_?Read_t@CTStream@@QAEXPAXJ@Z 1006abb4     EngineD:EngineD.dll
 0004:00000bb8       __imp_?ExpectID_t@CTStream@@QAEXABVCChunkID@@@Z 1006abb8     EngineD:EngineD.dll
 0004:00000bbc       __imp_??0CChunkID@@QAE@PBD@Z 1006abbc     EngineD:EngineD.dll
 0004:00000bc0       __imp_?Length@CTString@@QBEJXZ 1006abc0     EngineD:EngineD.dll
 0004:00000bc4       __imp_?Write_t@CTStream@@QAEXPBXJ@Z 1006abc4     EngineD:EngineD.dll
 0004:00000bc8       __imp_?WriteID_t@CTStream@@QAEXABVCChunkID@@@Z 1006abc8     EngineD:EngineD.dll
 0004:00000bcc       __imp_?FileName@CTFileName@@QBE?AV1@XZ 1006abcc     EngineD:EngineD.dll
 0004:00000bd0       __imp_?AnglesToDirectionVector@@YAXABV?$Vector@M$02@@AAV1@@Z 1006abd0     EngineD:EngineD.dll
 0004:00000bd4       __imp_?ModelChangeNotify@CEntity@@QAEXXZ 1006abd4     EngineD:EngineD.dll
 0004:00000bd8       __imp_?StretchModel@CModelInstance@@QAEXAAV?$Vector@M$02@@@Z 1006abd8     EngineD:EngineD.dll
 0004:00000bdc       __imp_?GetModelInstance@CEntity@@QAEPAVCModelInstance@@XZ 1006abdc     EngineD:EngineD.dll
 0004:00000be0       __imp_?PrintF@CTString@@QAAJPBDZZ 1006abe0     EngineD:EngineD.dll
 0004:00000be4       __imp_?SetFlags@CEntity@@QAEXK@Z 1006abe4     EngineD:EngineD.dll
 0004:00000be8       __imp_?GetFlags@CEntity@@QBEKXZ 1006abe8     EngineD:EngineD.dll
 0004:00000bec       __imp_?WarningMessage@@YAXPBDZZ 1006abec     EngineD:EngineD.dll
 0004:00000bf0       __imp_?Translate@@YAPADPADJ@Z 1006abf0     EngineD:EngineD.dll
 0004:00000bf4       __imp_?SetSkaModel_t@CEntity@@QAEXABVCTString@@@Z 1006abf4     EngineD:EngineD.dll
 0004:00000bf8       __imp_?InitAsSkaModel@CEntity@@QAEXXZ 1006abf8     EngineD:EngineD.dll
 0004:00000bfc       __imp_?Destroy@CEntity@@QAEXXZ 1006abfc     EngineD:EngineD.dll
 0004:00000c00       __imp_?SendEvent@CEntity@@QAEXABVCEntityEvent@@@Z 1006ac00     EngineD:EngineD.dll
 0004:00000c04       __imp_?StopAllAnimations@CModelInstance@@QAEXM@Z 1006ac04     EngineD:EngineD.dll
 0004:00000c08       __imp_?RemAnimsWithID@CModelInstance@@QAEXJ@Z 1006ac08     EngineD:EngineD.dll
 0004:00000c0c       __imp_?RemAnimation@CModelInstance@@QAEXJ@Z 1006ac0c     EngineD:EngineD.dll
 0004:00000c10       __imp_?AddAnimation@CModelInstance@@QAEXJKMJM@Z 1006ac10     EngineD:EngineD.dll
 0004:00000c14       __imp_?ska_GetIDFromStringTable@@YAJVCTString@@@Z 1006ac14     EngineD:EngineD.dll
 0004:00000c18       __imp_?SwitchToEditorModel@CEntity@@QAEXXZ 1006ac18     EngineD:EngineD.dll
 0004:00000c1c       __imp_?SwitchToModel@CEntity@@QAEXXZ 1006ac1c     EngineD:EngineD.dll
 0004:00000c20       __imp_?IterationHead@CListHead@@QBEAAVCListNode@@XZ 1006ac20     EngineD:EngineD.dll
 0004:00000c24       __imp_?IterationSucc@CListNode@@QBEAAV1@XZ 1006ac24     EngineD:EngineD.dll
 0004:00000c28       __imp_?IsTailMarker@CListNode@@QBEHXZ 1006ac28     EngineD:EngineD.dll
 0004:00000c2c       __imp_??0CEntityComponent@@QAE@W4EntityComponentType@@KPAD@Z 1006ac2c     EngineD:EngineD.dll
 0004:00000c30       __imp_?AdjustShaderParams@CEntity@@UAEXJPAVCShader@@AAUShaderParams@@@Z 1006ac30     EngineD:EngineD.dll
 0004:00000c34       __imp_?ClearToDefault@@YAXAAJ@Z 1006ac34     EngineD:EngineD.dll
 0004:00000c38       __imp_?ClearToDefault@@YAXAAM@Z 1006ac38     EngineD:EngineD.dll
 0004:00000c3c       __imp_?ClearToDefault@@YAXAAK@Z 1006ac3c     EngineD:EngineD.dll
 0004:00000c40       __imp_?ClearToDefault@@YAXAAVCTString@@@Z 1006ac40     EngineD:EngineD.dll
 0004:00000c44       __imp_??0CEntityEvent@@QAE@J@Z 1006ac44     EngineD:EngineD.dll
 0004:00000c48       __imp_?SetModelMainTexture@CEntity@@QAEXJ@Z 1006ac48     EngineD:EngineD.dll
 0004:00000c4c       __imp_?SetModel@CEntity@@QAEXJ@Z 1006ac4c     EngineD:EngineD.dll
 0004:00000c50       __imp_?InitAsEditorModel@CEntity@@QAEXXZ 1006ac50     EngineD:EngineD.dll
 0004:00000c54       __imp_?CPrintF@@YAXPBDZZ   1006ac54     EngineD:EngineD.dll
 0004:00000c58       __imp_?IsDerivedFromClass@@YAHPAVCEntity@@PBD@Z 1006ac58     EngineD:EngineD.dll
 0004:00000c5c       \177EngineD_NULL_THUNK_DATA 1006ac5c     EngineD:EngineD.dll
 0004:00000d30       __imp_?_EngineGUI@@3VCEngineGUI@@A 1006ad30     EngineGUID:EngineGUID.dll
 0004:00000d34       __imp_?FileRequester@CEngineGUI@@QAE?AVCTFileName@@PAD00VCTString@@1PAV?$CDynamicArray@VCTFileName@@@@H@Z 1006ad34     EngineGUID:EngineGUID.dll
 0004:00000d38       \177EngineGUID_NULL_THUNK_DATA 1006ad38     EngineGUID:EngineGUID.dll
 0004:00000d64       __imp_??0EChangeAnim@@QAE@XZ 1006ad64     EntitiesMPD:EntitiesMPD.dll
 0004:00000d68       __imp_?MakeCopy@ESpawnSpray@@UAEPAVCEntityEvent@@XZ 1006ad68     EntitiesMPD:EntitiesMPD.dll
 0004:00000d6c       __imp_??0ESpawnSpray@@QAE@XZ 1006ad6c     EntitiesMPD:EntitiesMPD.dll
 0004:00000d70       __imp_?MakeCopy@ESpawnEffect@@UAEPAVCEntityEvent@@XZ 1006ad70     EntitiesMPD:EntitiesMPD.dll
 0004:00000d74       __imp_??0ESpawnEffect@@QAE@XZ 1006ad74     EntitiesMPD:EntitiesMPD.dll
 0004:00000d78       __imp_??0ERangeModelDestruction@@QAE@XZ 1006ad78     EntitiesMPD:EntitiesMPD.dll
 0004:00000d7c       __imp_?MakeCopy@ERangeModelDestruction@@UAEPAVCEntityEvent@@XZ 1006ad7c     EntitiesMPD:EntitiesMPD.dll
 0004:00000d80       __imp_??0ESpawnDebris@@QAE@XZ 1006ad80     EntitiesMPD:EntitiesMPD.dll
 0004:00000d84       __imp_?MakeCopy@ESpawnDebris@@UAEPAVCEntityEvent@@XZ 1006ad84     EntitiesMPD:EntitiesMPD.dll
 0004:00000d88       __imp_?MakeCopy@EChangeAnim@@UAEPAVCEntityEvent@@XZ 1006ad88     EntitiesMPD:EntitiesMPD.dll
 0004:00000d8c       \177EntitiesMPD_NULL_THUNK_DATA 1006ad8c     EntitiesMPD:EntitiesMPD.dll
 0004:00000dc0       __imp__InterlockedIncrement@4 1006adc0     kernel32:KERNEL32.dll
 0004:00000dc4       __imp__GetCurrentProcessId@0 1006adc4     kernel32:KERNEL32.dll
 0004:00000dc8       __imp__DisableThreadLibraryCalls@4 1006adc8     kernel32:KERNEL32.dll
 0004:00000dcc       __imp__SwitchToThread@0    1006adcc     kernel32:KERNEL32.dll
 0004:00000dd0       \177KERNEL32_NULL_THUNK_DATA 1006add0     kernel32:KERNEL32.dll
 0004:00000dfc       __imp_??5std@@YAAAV?$basic_istream@DU?$char_traits@D@std@@@0@AAV10@AAV?$basic_string@DU?$char_traits@D@std@@V?$allocator@D@2@@0@@Z 1006adfc     msvcprtd:MSVCP60D.dll
 0004:00000e00       __imp_??6?$basic_ostream@DU?$char_traits@D@std@@@std@@QAEAAV01@H@Z 1006ae00     msvcprtd:MSVCP60D.dll
 0004:00000e04       __imp_??0?$basic_ofstream@DU?$char_traits@D@std@@@std@@QAE@XZ 1006ae04     msvcprtd:MSVCP60D.dll
 0004:00000e08       __imp_?open@?$basic_ofstream@DU?$char_traits@D@std@@@std@@QAEXPBDH@Z 1006ae08     msvcprtd:MSVCP60D.dll
 0004:00000e0c       __imp_??_D?$basic_ofstream@DU?$char_traits@D@std@@@std@@QAEXXZ 1006ae0c     msvcprtd:MSVCP60D.dll
 0004:00000e10       __imp_??0?$basic_string@DU?$char_traits@D@std@@V?$allocator@D@2@@std@@QAE@ABV?$allocator@D@1@@Z 1006ae10     msvcprtd:MSVCP60D.dll
 0004:00000e14       __imp_?is_open@?$basic_ofstream@DU?$char_traits@D@std@@@std@@QBE_NXZ 1006ae14     msvcprtd:MSVCP60D.dll
 0004:00000e18       __imp_??6std@@YAAAV?$basic_ostream@DU?$char_traits@D@std@@@0@AAV10@PBD@Z 1006ae18     msvcprtd:MSVCP60D.dll
 0004:00000e1c       __imp_??6std@@YAAAV?$basic_ostream@DU?$char_traits@D@std@@@0@AAV10@ABV?$basic_string@DU?$char_traits@D@std@@V?$allocator@D@2@@0@@Z 1006ae1c     msvcprtd:MSVCP60D.dll
 0004:00000e20       __imp_?seekg@?$basic_istream@DU?$char_traits@D@std@@@std@@QAEAAV12@JW4seekdir@ios_base@2@@Z 1006ae20     msvcprtd:MSVCP60D.dll
 0004:00000e24       __imp_?tellg@?$basic_istream@DU?$char_traits@D@std@@@std@@QAE?AV?$fpos@H@2@XZ 1006ae24     msvcprtd:MSVCP60D.dll
 0004:00000e28       __imp_?read@?$basic_istream@DU?$char_traits@D@std@@@std@@QAEAAV12@PADH@Z 1006ae28     msvcprtd:MSVCP60D.dll
 0004:00000e2c       __imp_??Hstd@@YA?AV?$basic_string@DU?$char_traits@D@std@@V?$allocator@D@2@@0@ABV10@0@Z 1006ae2c     msvcprtd:MSVCP60D.dll
 0004:00000e30       __imp_??Y?$basic_string@DU?$char_traits@D@std@@V?$allocator@D@2@@std@@QAEAAV01@D@Z 1006ae30     msvcprtd:MSVCP60D.dll
 0004:00000e34       __imp_??Y?$basic_string@DU?$char_traits@D@std@@V?$allocator@D@2@@std@@QAEAAV01@PBD@Z 1006ae34     msvcprtd:MSVCP60D.dll
 0004:00000e38       __imp_??8std@@YA_NABV?$basic_string@DU?$char_traits@D@std@@V?$allocator@D@2@@0@PBD@Z 1006ae38     msvcprtd:MSVCP60D.dll
 0004:00000e3c       __imp_??0?$basic_ifstream@DU?$char_traits@D@std@@@std@@QAE@XZ 1006ae3c     msvcprtd:MSVCP60D.dll
 0004:00000e40       __imp_?open@?$basic_ifstream@DU?$char_traits@D@std@@@std@@QAEXPBDH@Z 1006ae40     msvcprtd:MSVCP60D.dll
 0004:00000e44       __imp_?is_open@?$basic_ifstream@DU?$char_traits@D@std@@@std@@QBE_NXZ 1006ae44     msvcprtd:MSVCP60D.dll
 0004:00000e48       __imp_?c_str@?$basic_string@DU?$char_traits@D@std@@V?$allocator@D@2@@std@@QBEPBDXZ 1006ae48     msvcprtd:MSVCP60D.dll
 0004:00000e4c       __imp_?close@?$basic_ifstream@DU?$char_traits@D@std@@@std@@QAEXXZ 1006ae4c     msvcprtd:MSVCP60D.dll
 0004:00000e50       __imp_??4?$basic_string@DU?$char_traits@D@std@@V?$allocator@D@2@@std@@QAEAAV01@PBD@Z 1006ae50     msvcprtd:MSVCP60D.dll
 0004:00000e54       __imp_??_D?$basic_ifstream@DU?$char_traits@D@std@@@std@@QAEXXZ 1006ae54     msvcprtd:MSVCP60D.dll
 0004:00000e58       __imp_?empty@?$basic_string@DU?$char_traits@D@std@@V?$allocator@D@2@@std@@QBE_NXZ 1006ae58     msvcprtd:MSVCP60D.dll
 0004:00000e5c       __imp_??0?$basic_string@DU?$char_traits@D@std@@V?$allocator@D@2@@std@@QAE@ABV01@@Z 1006ae5c     msvcprtd:MSVCP60D.dll
 0004:00000e60       __imp_??4?$basic_string@DU?$char_traits@D@std@@V?$allocator@D@2@@std@@QAEAAV01@ABV01@@Z 1006ae60     msvcprtd:MSVCP60D.dll
 0004:00000e64       __imp_??0out_of_range@std@@QAE@ABV?$basic_string@DU?$char_traits@D@std@@V?$allocator@D@2@@1@@Z 1006ae64     msvcprtd:MSVCP60D.dll
 0004:00000e68       __imp_??1out_of_range@std@@UAE@XZ 1006ae68     msvcprtd:MSVCP60D.dll
 0004:00000e6c       __imp_??0out_of_range@std@@QAE@ABV01@@Z 1006ae6c     msvcprtd:MSVCP60D.dll
 0004:00000e70       __imp_??0logic_error@std@@QAE@ABV01@@Z 1006ae70     msvcprtd:MSVCP60D.dll
 0004:00000e74       __imp_??0_Lockit@std@@QAE@XZ 1006ae74     msvcprtd:MSVCP60D.dll
 0004:00000e78       __imp_??1_Lockit@std@@QAE@XZ 1006ae78     msvcprtd:MSVCP60D.dll
 0004:00000e7c       __imp_??0runtime_error@std@@QAE@ABV?$basic_string@DU?$char_traits@D@std@@V?$allocator@D@2@@1@@Z 1006ae7c     msvcprtd:MSVCP60D.dll
 0004:00000e80       __imp_??1runtime_error@std@@UAE@XZ 1006ae80     msvcprtd:MSVCP60D.dll
 0004:00000e84       __imp_??0runtime_error@std@@QAE@ABV01@@Z 1006ae84     msvcprtd:MSVCP60D.dll
 0004:00000e88       __imp_??0?$basic_string@DU?$char_traits@D@std@@V?$allocator@D@2@@std@@QAE@PBDABV?$allocator@D@1@@Z 1006ae88     msvcprtd:MSVCP60D.dll
 0004:00000e8c       __imp_??Hstd@@YA?AV?$basic_string@DU?$char_traits@D@std@@V?$allocator@D@2@@0@ABV10@PBD@Z 1006ae8c     msvcprtd:MSVCP60D.dll
 0004:00000e90       __imp_??1?$basic_string@DU?$char_traits@D@std@@V?$allocator@D@2@@std@@QAE@XZ 1006ae90     msvcprtd:MSVCP60D.dll
 0004:00000e94       \177MSVCP60D_NULL_THUNK_DATA 1006ae94     msvcprtd:MSVCP60D.dll
 0004:00000edc       __imp__memcmp              1006aedc     MSVCRTD:MSVCRTD.dll
 0004:00000ee0       __imp___adjust_fdiv        1006aee0     MSVCRTD:MSVCRTD.dll
 0004:00000ee4       __imp___chkesp             1006aee4     MSVCRTD:MSVCRTD.dll
 0004:00000ee8       __imp__atan                1006aee8     MSVCRTD:MSVCRTD.dll
 0004:00000eec       __imp__tan                 1006aeec     MSVCRTD:MSVCRTD.dll
 0004:00000ef0       __imp____CxxFrameHandler   1006aef0     MSVCRTD:MSVCRTD.dll
 0004:00000ef4       __imp_??0exception@@QAE@ABV0@@Z 1006aef4     MSVCRTD:MSVCRTD.dll
 0004:00000ef8       __imp___CxxThrowException@8 1006aef8     MSVCRTD:MSVCRTD.dll
 0004:00000efc       __imp_??3@YAXPAX@Z         1006aefc     MSVCRTD:MSVCRTD.dll
 0004:00000f00       __imp__memcpy              1006af00     MSVCRTD:MSVCRTD.dll
 0004:00000f04       __imp_??2@YAPAXIHPBDH@Z    1006af04     MSVCRTD:MSVCRTD.dll
 0004:00000f08       __imp__sqrt                1006af08     MSVCRTD:MSVCRTD.dll
 0004:00000f0c       __imp___assert             1006af0c     MSVCRTD:MSVCRTD.dll
 0004:00000f10       __imp_??2@YAPAXI@Z         1006af10     MSVCRTD:MSVCRTD.dll
 0004:00000f14       __imp__sprintf             1006af14     MSVCRTD:MSVCRTD.dll
 0004:00000f18       __imp__fread               1006af18     MSVCRTD:MSVCRTD.dll
 0004:00000f1c       __imp__fseek               1006af1c     MSVCRTD:MSVCRTD.dll
 0004:00000f20       __imp__free                1006af20     MSVCRTD:MSVCRTD.dll
 0004:00000f24       __imp__fclose              1006af24     MSVCRTD:MSVCRTD.dll
 0004:00000f28       __imp___malloc_dbg         1006af28     MSVCRTD:MSVCRTD.dll
 0004:00000f2c       __imp__memset              1006af2c     MSVCRTD:MSVCRTD.dll
 0004:00000f30       __imp__malloc              1006af30     MSVCRTD:MSVCRTD.dll
 0004:00000f34       __imp__pow                 1006af34     MSVCRTD:MSVCRTD.dll
 0004:00000f38       __imp__ftell               1006af38     MSVCRTD:MSVCRTD.dll
 0004:00000f3c       __imp__fabs                1006af3c     MSVCRTD:MSVCRTD.dll
 0004:00000f40       __imp__strlen              1006af40     MSVCRTD:MSVCRTD.dll
 0004:00000f44       __imp__memmove             1006af44     MSVCRTD:MSVCRTD.dll
 0004:00000f48       __imp___vsnprintf          1006af48     MSVCRTD:MSVCRTD.dll
 0004:00000f4c       __imp__fopen               1006af4c     MSVCRTD:MSVCRTD.dll
 0004:00000f50       __imp___snprintf           1006af50     MSVCRTD:MSVCRTD.dll
 0004:00000f54       __imp__strcmp              1006af54     MSVCRTD:MSVCRTD.dll
 0004:00000f58       __imp__strtol              1006af58     MSVCRTD:MSVCRTD.dll
 0004:00000f5c       __imp___errno              1006af5c     MSVCRTD:MSVCRTD.dll
 0004:00000f60       __imp__memchr              1006af60     MSVCRTD:MSVCRTD.dll
 0004:00000f64       __imp__fgetc               1006af64     MSVCRTD:MSVCRTD.dll
 0004:00000f68       __imp___iob                1006af68     MSVCRTD:MSVCRTD.dll
 0004:00000f6c       __imp__strerror            1006af6c     MSVCRTD:MSVCRTD.dll
 0004:00000f70       __imp__strncpy             1006af70     MSVCRTD:MSVCRTD.dll
 0004:00000f74       __imp__time                1006af74     MSVCRTD:MSVCRTD.dll
 0004:00000f78       __imp___HUGE               1006af78     MSVCRTD:MSVCRTD.dll
 0004:00000f7c       __imp__strtod              1006af7c     MSVCRTD:MSVCRTD.dll
 0004:00000f80       __imp__strchr              1006af80     MSVCRTD:MSVCRTD.dll
 0004:00000f84       __imp__localeconv          1006af84     MSVCRTD:MSVCRTD.dll
 0004:00000f88       __imp____dllonexit         1006af88     MSVCRTD:MSVCRTD.dll
 0004:00000f8c       __imp___onexit             1006af8c     MSVCRTD:MSVCRTD.dll
 0004:00000f90       __imp_??1type_info@@UAE@XZ 1006af90     MSVCRTD:MSVCRTD.dll
 0004:00000f94       __imp___except_handler3    1006af94     MSVCRTD:MSVCRTD.dll
 0004:00000f98       __imp_?terminate@@YAXXZ    1006af98     MSVCRTD:MSVCRTD.dll
 0004:00000f9c       __imp___free_dbg           1006af9c     MSVCRTD:MSVCRTD.dll
 0004:00000fa0       __imp___initterm           1006afa0     MSVCRTD:MSVCRTD.dll
 0004:00000fa4       \177MSVCRTD_NULL_THUNK_DATA 1006afa4     MSVCRTD:MSVCRTD.dll
 0004:00000ff8       __imp__glTexImage2D@36     1006aff8     opengl32:OPENGL32.dll
 0004:00000ffc       __imp__glTexParameterf@12  1006affc     opengl32:OPENGL32.dll
 0004:00001000       __imp__glGetFloatv@8       1006b000     opengl32:OPENGL32.dll
 0004:00001004       __imp__glTexParameteri@12  1006b004     opengl32:OPENGL32.dll
 0004:00001008       __imp__glBindTexture@8     1006b008     opengl32:OPENGL32.dll
 0004:0000100c       __imp__glGenTextures@8     1006b00c     opengl32:OPENGL32.dll
 0004:00001010       __imp__glGetIntegerv@8     1006b010     opengl32:OPENGL32.dll
 0004:00001014       __imp__glDrawElements@16   1006b014     opengl32:OPENGL32.dll
 0004:00001018       __imp__glDeleteTextures@8  1006b018     opengl32:OPENGL32.dll
 0004:0000101c       \177OPENGL32_NULL_THUNK_DATA 1006b01c     opengl32:OPENGL32.dll
 0004:0000104c       __imp__MessageBoxA@16      1006b04c     User32:USER32.dll
 0004:00001050       __imp__GetActiveWindow@0   1006b050     User32:USER32.dll
 0004:00001054       \177USER32_NULL_THUNK_DATA 1006b054     User32:USER32.dll
 0004:00001080       __imp____glewUniform1f     1006b080     glew32:glew32.dll
 0004:00001084       __imp____glewUniformMatrix4fv 1006b084     glew32:glew32.dll
 0004:00001088       __imp____glewUniform4fv    1006b088     glew32:glew32.dll
 0004:0000108c       __imp____glewActiveTexture 1006b08c     glew32:glew32.dll
 0004:00001090       __imp____glewUniform1i     1006b090     glew32:glew32.dll
 0004:00001094       __imp____glewDisableVertexAttribArray 1006b094     glew32:glew32.dll
 0004:00001098       __imp____glewBufferSubData 1006b098     glew32:glew32.dll
 0004:0000109c       __imp____glewGenBuffers    1006b09c     glew32:glew32.dll
 0004:000010a0       __imp____glewBindBuffer    1006b0a0     glew32:glew32.dll
 0004:000010a4       __imp____glewBufferData    1006b0a4     glew32:glew32.dll
 0004:000010a8       __imp__glewGetExtension    1006b0a8     glew32:glew32.dll
 0004:000010ac       __imp____glewUniform3fv    1006b0ac     glew32:glew32.dll
 0004:000010b0       __imp____glewCreateShader  1006b0b0     glew32:glew32.dll
 0004:000010b4       __imp____glewShaderSource  1006b0b4     glew32:glew32.dll
 0004:000010b8       __imp____glewCompileShader 1006b0b8     glew32:glew32.dll
 0004:000010bc       __imp____glewGetShaderiv   1006b0bc     glew32:glew32.dll
 0004:000010c0       __imp____glewGetShaderInfoLog 1006b0c0     glew32:glew32.dll
 0004:000010c4       __imp____glewDeleteShader  1006b0c4     glew32:glew32.dll
 0004:000010c8       __imp____glewCreateProgram 1006b0c8     glew32:glew32.dll
 0004:000010cc       __imp____glewAttachShader  1006b0cc     glew32:glew32.dll
 0004:000010d0       __imp____glewLinkProgram   1006b0d0     glew32:glew32.dll
 0004:000010d4       __imp____glewGetProgramiv  1006b0d4     glew32:glew32.dll
 0004:000010d8       __imp____glewGetProgramInfoLog 1006b0d8     glew32:glew32.dll
 0004:000010dc       __imp____glewDeleteProgram 1006b0dc     glew32:glew32.dll
 0004:000010e0       __imp____glewGetActiveUniform 1006b0e0     glew32:glew32.dll
 0004:000010e4       __imp____glewGetUniformLocation 1006b0e4     glew32:glew32.dll
 0004:000010e8       __imp____glewEnableVertexAttribArray 1006b0e8     glew32:glew32.dll
 0004:000010ec       __imp____glewUseProgram    1006b0ec     glew32:glew32.dll
 0004:000010f0       __imp____glewGenerateMipmapEXT 1006b0f0     glew32:glew32.dll
 0004:000010f4       __imp____glewDeleteBuffers 1006b0f4     glew32:glew32.dll
 0004:000010f8       __imp__glewExperimental    1006b0f8     glew32:glew32.dll
 0004:000010fc       __imp__glewInit            1006b0fc     glew32:glew32.dll
 0004:00001100       __imp____glewVertexAttribPointer 1006b100     glew32:glew32.dll
 0004:00001104       \177glew32_NULL_THUNK_DATA 1006b104     glew32:glew32.dll

 entry point at        0001:00039d40

